make -C src build BUILDDIR=/home/czy/nccl/msccl/build
make[1]: Entering directory '/home/czy/nccl/msccl/src'
NVCC_GENCODE is -gencode=arch=compute_80,code=sm_80
Compiling  graph/paths.cc                      > /home/czy/nccl/msccl/build/obj/graph/paths.o
make[2]: Entering directory '/home/czy/nccl/msccl/src/device'
NVCC_GENCODE is -gencode=arch=compute_80,code=sm_80
make[2]: Leaving directory '/home/czy/nccl/msccl/src/device'
Archiving  libnccl_static.a                    > /home/czy/nccl/msccl/build/lib/libnccl_static.a
Linking    libnccl.so.2.23.4                   > /home/czy/nccl/msccl/build/lib/libnccl.so.2.23.4
make[1]: Leaving directory '/home/czy/nccl/msccl/src'
make -C src build BUILDDIR=/home/czy/nccl/nccl-tests/build
make[1]: Entering directory '/home/czy/nccl/nccl-tests/src'
make[1]: Leaving directory '/home/czy/nccl/nccl-tests/src'
===== Round 0 =====
Authorization required, but no authorization protocol specified
Authorization required, but no authorization protocol specified
# nThread 1 nGpus 1 minBytes 1048576 maxBytes 1073741824 step: 2(factor) warmup iters: 5 iters: 1 agg iters: 1 validation: 1 graph: 0
#
# Using devices
#  Rank  0 Group  0 Pid 1731537 on        lm2 device  0 [0000:3b:00] NVIDIA RTX A6000
#  Rank  1 Group  0 Pid 1731538 on        lm2 device  1 [0000:5e:00] NVIDIA RTX A6000
#  Rank  2 Group  0 Pid 1731539 on        lm2 device  2 [0000:b1:00] NVIDIA RTX A6000
#  Rank  3 Group  0 Pid 1731540 on        lm2 device  3 [0000:d9:00] NVIDIA RTX A6000
lm2:1731537:1731537 [0] NCCL INFO Bootstrap : Using eno1np0:101.6.42.162<0>
lm2:1731537:1731537 [0] NCCL INFO cudaDriverVersion 12060
lm2:1731537:1731537 [0] NCCL INFO NCCL version 2.23.4+cuda11.7
lm2:1731537:1731576 [0] NCCL INFO NET/Plugin: Could not find: libnccl-net.so. Using internal network plugin.
lm2:1731537:1731576 [0] NCCL INFO NET/IB : No device found.
lm2:1731537:1731576 [0] NCCL INFO NET/Socket : Using [0]eno1np0:101.6.42.162<0> [1]eno2np1:192.168.16.116<0> [2]br-3c276cd5dbc3:172.28.0.1<0> [3]br-a6624809a36c:172.29.0.1<0> [4]veth268d912:fe80::5cde:37ff:fe78:8ba1%veth268d912<0> [5]vethd39693d:fe80::7856:c1ff:fedd:95b%vethd39693d<0> [6]vethedf9548:fe80::18a9:d1ff:fec0:a869%vethedf9548<0> [7]veth38f779e:fe80::8800:24ff:fe0a:41e5%veth38f779e<0> [8]veth5c042a3:fe80::68ba:53ff:fe66:29a4%veth5c042a3<0> [9]vethe6e34fe:fe80::eca7:ecff:fe5a:4bbe%vethe6e34fe<0>
lm2:1731537:1731576 [0] NCCL INFO PROFILER/Plugin: Could not find: libnccl-profiler.so.
lm2:1731537:1731576 [0] NCCL INFO Using network Socket
lm2:1731539:1731539 [2] NCCL INFO cudaDriverVersion 12060
lm2:1731539:1731539 [2] NCCL INFO Bootstrap : Using eno1np0:101.6.42.162<0>
lm2:1731539:1731539 [2] NCCL INFO NCCL version 2.23.4+cuda11.7
lm2:1731539:1731577 [2] NCCL INFO NET/Plugin: Could not find: libnccl-net.so. Using internal network plugin.
lm2:1731539:1731577 [2] NCCL INFO NET/IB : No device found.
lm2:1731539:1731577 [2] NCCL INFO NET/Socket : Using [0]eno1np0:101.6.42.162<0> [1]eno2np1:192.168.16.116<0> [2]br-3c276cd5dbc3:172.28.0.1<0> [3]br-a6624809a36c:172.29.0.1<0> [4]veth268d912:fe80::5cde:37ff:fe78:8ba1%veth268d912<0> [5]vethd39693d:fe80::7856:c1ff:fedd:95b%vethd39693d<0> [6]vethedf9548:fe80::18a9:d1ff:fec0:a869%vethedf9548<0> [7]veth38f779e:fe80::8800:24ff:fe0a:41e5%veth38f779e<0> [8]veth5c042a3:fe80::68ba:53ff:fe66:29a4%veth5c042a3<0> [9]vethe6e34fe:fe80::eca7:ecff:fe5a:4bbe%vethe6e34fe<0>
lm2:1731539:1731577 [2] NCCL INFO PROFILER/Plugin: Could not find: libnccl-profiler.so.
lm2:1731539:1731577 [2] NCCL INFO Using network Socket
lm2:1731537:1731576 [0] NCCL INFO ncclCommInitRank comm 0x63b2f0c85b70 rank 0 nranks 4 cudaDev 0 nvmlDev 0 busId 3b000 commId 0xc6d9f7cad9a3c20d - Init START
lm2:1731539:1731577 [2] NCCL INFO ncclCommInitRank comm 0x55c7e7d7e440 rank 2 nranks 4 cudaDev 2 nvmlDev 2 busId b1000 commId 0xc6d9f7cad9a3c20d - Init START
lm2:1731538:1731538 [1] NCCL INFO cudaDriverVersion 12060
lm2:1731538:1731538 [1] NCCL INFO Bootstrap : Using eno1np0:101.6.42.162<0>
lm2:1731538:1731538 [1] NCCL INFO NCCL version 2.23.4+cuda11.7
lm2:1731540:1731540 [3] NCCL INFO cudaDriverVersion 12060
lm2:1731540:1731540 [3] NCCL INFO Bootstrap : Using eno1np0:101.6.42.162<0>
lm2:1731540:1731540 [3] NCCL INFO NCCL version 2.23.4+cuda11.7
lm2:1731538:1731582 [1] NCCL INFO NET/Plugin: Could not find: libnccl-net.so. Using internal network plugin.
lm2:1731540:1731583 [3] NCCL INFO NET/Plugin: Could not find: libnccl-net.so. Using internal network plugin.
lm2:1731538:1731582 [1] NCCL INFO NET/IB : No device found.
lm2:1731540:1731583 [3] NCCL INFO NET/IB : No device found.
lm2:1731538:1731582 [1] NCCL INFO NET/Socket : Using [0]eno1np0:101.6.42.162<0> [1]eno2np1:192.168.16.116<0> [2]br-3c276cd5dbc3:172.28.0.1<0> [3]br-a6624809a36c:172.29.0.1<0> [4]veth268d912:fe80::5cde:37ff:fe78:8ba1%veth268d912<0> [5]vethd39693d:fe80::7856:c1ff:fedd:95b%vethd39693d<0> [6]vethedf9548:fe80::18a9:d1ff:fec0:a869%vethedf9548<0> [7]veth38f779e:fe80::8800:24ff:fe0a:41e5%veth38f779e<0> [8]veth5c042a3:fe80::68ba:53ff:fe66:29a4%veth5c042a3<0> [9]vethe6e34fe:fe80::eca7:ecff:fe5a:4bbe%vethe6e34fe<0>
lm2:1731538:1731582 [1] NCCL INFO PROFILER/Plugin: Could not find: libnccl-profiler.so.
lm2:1731538:1731582 [1] NCCL INFO Using network Socket
lm2:1731540:1731583 [3] NCCL INFO NET/Socket : Using [0]eno1np0:101.6.42.162<0> [1]eno2np1:192.168.16.116<0> [2]br-3c276cd5dbc3:172.28.0.1<0> [3]br-a6624809a36c:172.29.0.1<0> [4]veth268d912:fe80::5cde:37ff:fe78:8ba1%veth268d912<0> [5]vethd39693d:fe80::7856:c1ff:fedd:95b%vethd39693d<0> [6]vethedf9548:fe80::18a9:d1ff:fec0:a869%vethedf9548<0> [7]veth38f779e:fe80::8800:24ff:fe0a:41e5%veth38f779e<0> [8]veth5c042a3:fe80::68ba:53ff:fe66:29a4%veth5c042a3<0> [9]vethe6e34fe:fe80::eca7:ecff:fe5a:4bbe%vethe6e34fe<0>
lm2:1731540:1731583 [3] NCCL INFO PROFILER/Plugin: Could not find: libnccl-profiler.so.
lm2:1731540:1731583 [3] NCCL INFO Using network Socket
lm2:1731538:1731582 [1] NCCL INFO ncclCommInitRank comm 0x60d068171430 rank 1 nranks 4 cudaDev 1 nvmlDev 1 busId 5e000 commId 0xc6d9f7cad9a3c20d - Init START
lm2:1731540:1731583 [3] NCCL INFO ncclCommInitRank comm 0x5b8c6fc59170 rank 3 nranks 4 cudaDev 3 nvmlDev 3 busId d9000 commId 0xc6d9f7cad9a3c20d - Init START
lm2:1731539:1731577 [2] NCCL INFO Bootstrap timings total 0.088478 (create 0.000053, send 0.000301, recv 0.087464, ring 0.000524, delay 0.000001)
lm2:1731537:1731576 [0] NCCL INFO Bootstrap timings total 0.107375 (create 0.000056, send 0.000298, recv 0.105242, ring 0.000284, delay 0.000001)
lm2:1731538:1731582 [1] NCCL INFO Bootstrap timings total 0.002414 (create 0.000078, send 0.000396, recv 0.000399, ring 0.001186, delay 0.000001)
lm2:1731540:1731583 [3] NCCL INFO Bootstrap timings total 0.001270 (create 0.000080, send 0.000368, recv 0.000301, ring 0.000180, delay 0.000001)
=============speed:12.000000,netSpeed1:0.000000,netSpeed2:0.000000================
=============speed:10.000000,netSpeed1:0.000000,netSpeed2:0.000000================
=============speed:10.000000,netSpeed1:0.000000,netSpeed2:0.000000================
=============speed:12.000000,netSpeed1:0.000000,netSpeed2:0.000000================
=============speed:10.000000,netSpeed1:0.000000,netSpeed2:0.000000================
=============speed:10.000000,netSpeed1:0.000000,netSpeed2:0.000000================
=============speed:10.000000,netSpeed1:0.000000,netSpeed2:0.000000================
=============speed:10.000000,netSpeed1:0.000000,netSpeed2:0.000000================
=============speed:12.000000,netSpeed1:0.000000,netSpeed2:0.000000================
=============speed:10.000000,netSpeed1:0.000000,netSpeed2:0.000000================
=============speed:10.000000,netSpeed1:0.000000,netSpeed2:0.000000================
=============speed:12.000000,netSpeed1:0.000000,netSpeed2:0.000000================
=============speed:12.000000,netSpeed1:0.000000,netSpeed2:0.000000================
=============speed:10.000000,netSpeed1:0.000000,netSpeed2:0.000000================
=============speed:10.000000,netSpeed1:0.000000,netSpeed2:0.000000================
=============speed:12.000000,netSpeed1:0.000000,netSpeed2:0.000000================
=============speed:10.000000,netSpeed1:0.000000,netSpeed2:0.000000================
=============speed:10.000000,netSpeed1:0.000000,netSpeed2:0.000000================
=============speed:10.000000,netSpeed1:0.000000,netSpeed2:0.000000================
=============speed:10.000000,netSpeed1:0.000000,netSpeed2:0.000000================
=============speed:12.000000,netSpeed1:0.000000,netSpeed2:0.000000================
=============speed:10.000000,netSpeed1:0.000000,netSpeed2:0.000000================
=============speed:10.000000,netSpeed1:0.000000,netSpeed2:0.000000================
=============speed:12.000000,netSpeed1:0.000000,netSpeed2:0.000000================
=============speed:12.000000,netSpeed1:0.000000,netSpeed2:0.000000================
=============speed:10.000000,netSpeed1:0.000000,netSpeed2:0.000000================
=============speed:10.000000,netSpeed1:0.000000,netSpeed2:0.000000================
=============speed:12.000000,netSpeed1:0.000000,netSpeed2:0.000000================
=============speed:10.000000,netSpeed1:0.000000,netSpeed2:0.000000================
=============speed:10.000000,netSpeed1:0.000000,netSpeed2:0.000000================
=============speed:10.000000,netSpeed1:0.000000,netSpeed2:0.000000================
=============speed:10.000000,netSpeed1:0.000000,netSpeed2:0.000000================
=============speed:12.000000,netSpeed1:0.000000,netSpeed2:0.000000================
=============speed:10.000000,netSpeed1:0.000000,netSpeed2:0.000000================
=============speed:10.000000,netSpeed1:0.000000,netSpeed2:0.000000================
=============speed:12.000000,netSpeed1:0.000000,netSpeed2:0.000000================
=============speed:12.000000,netSpeed1:0.000000,netSpeed2:0.000000================
=============speed:10.000000,netSpeed1:0.000000,netSpeed2:0.000000================
=============speed:10.000000,netSpeed1:0.000000,netSpeed2:0.000000================
=============speed:12.000000,netSpeed1:0.000000,netSpeed2:0.000000================
=============speed:10.000000,netSpeed1:0.000000,netSpeed2:0.000000================
=============speed:10.000000,netSpeed1:0.000000,netSpeed2:0.000000================
=============speed:10.000000,netSpeed1:0.000000,netSpeed2:0.000000================
=============speed:10.000000,netSpeed1:0.000000,netSpeed2:0.000000================
=============speed:12.000000,netSpeed1:0.000000,netSpeed2:0.000000================
=============speed:10.000000,netSpeed1:0.000000,netSpeed2:0.000000================
=============speed:10.000000,netSpeed1:0.000000,netSpeed2:0.000000================
=============speed:12.000000,netSpeed1:0.000000,netSpeed2:0.000000================
=============speed:12.000000,netSpeed1:0.000000,netSpeed2:0.000000================
=============speed:10.000000,netSpeed1:0.000000,netSpeed2:0.000000================
=============speed:10.000000,netSpeed1:0.000000,netSpeed2:0.000000================
=============speed:12.000000,netSpeed1:0.000000,netSpeed2:0.000000================
=============speed:10.000000,netSpeed1:0.000000,netSpeed2:0.000000================
=============speed:10.000000,netSpeed1:0.000000,netSpeed2:0.000000================
=============speed:10.000000,netSpeed1:0.000000,netSpeed2:0.000000================
=============speed:10.000000,netSpeed1:0.000000,netSpeed2:0.000000================
=============speed:12.000000,netSpeed1:0.000000,netSpeed2:0.000000================
=============speed:10.000000,netSpeed1:0.000000,netSpeed2:0.000000================
=============speed:10.000000,netSpeed1:0.000000,netSpeed2:0.000000================
=============speed:12.000000,netSpeed1:0.000000,netSpeed2:0.000000================
=============speed:12.000000,netSpeed1:0.000000,netSpeed2:0.000000================
=============speed:10.000000,netSpeed1:0.000000,netSpeed2:0.000000================
=============speed:10.000000,netSpeed1:0.000000,netSpeed2:0.000000================
=============speed:12.000000,netSpeed1:0.000000,netSpeed2:0.000000================
=============speed:10.000000,netSpeed1:0.000000,netSpeed2:0.000000================
=============speed:10.000000,netSpeed1:0.000000,netSpeed2:0.000000================
=============speed:10.000000,netSpeed1:0.000000,netSpeed2:0.000000================
=============speed:10.000000,netSpeed1:0.000000,netSpeed2:0.000000================
=============speed:12.000000,netSpeed1:0.000000,netSpeed2:0.000000================
=============speed:10.000000,netSpeed1:0.000000,netSpeed2:0.000000================
=============speed:10.000000,netSpeed1:0.000000,netSpeed2:0.000000================
=============speed:12.000000,netSpeed1:0.000000,netSpeed2:0.000000================
=============speed:12.000000,netSpeed1:0.000000,netSpeed2:0.000000================
=============speed:10.000000,netSpeed1:0.000000,netSpeed2:0.000000================
=============speed:10.000000,netSpeed1:0.000000,netSpeed2:0.000000================
=============speed:12.000000,netSpeed1:0.000000,netSpeed2:0.000000================
=============speed:10.000000,netSpeed1:0.000000,netSpeed2:0.000000================
=============speed:10.000000,netSpeed1:0.000000,netSpeed2:0.000000================
=============speed:10.000000,netSpeed1:0.000000,netSpeed2:0.000000================
=============speed:10.000000,netSpeed1:0.000000,netSpeed2:0.000000================
=============speed:12.000000,netSpeed1:0.000000,netSpeed2:0.000000================
=============speed:10.000000,netSpeed1:0.000000,netSpeed2:0.000000================
=============speed:10.000000,netSpeed1:0.000000,netSpeed2:0.000000================
=============speed:12.000000,netSpeed1:0.000000,netSpeed2:0.000000================
=============speed:12.000000,netSpeed1:0.000000,netSpeed2:0.000000================
=============speed:10.000000,netSpeed1:0.000000,netSpeed2:0.000000================
=============speed:10.000000,netSpeed1:0.000000,netSpeed2:0.000000================
=============speed:12.000000,netSpeed1:0.000000,netSpeed2:0.000000================
=============speed:10.000000,netSpeed1:0.000000,netSpeed2:0.000000================
=============speed:10.000000,netSpeed1:0.000000,netSpeed2:0.000000================
=============speed:10.000000,netSpeed1:0.000000,netSpeed2:0.000000================
=============speed:10.000000,netSpeed1:0.000000,netSpeed2:0.000000================
=============speed:12.000000,netSpeed1:0.000000,netSpeed2:0.000000================
=============speed:10.000000,netSpeed1:0.000000,netSpeed2:0.000000================
=============speed:10.000000,netSpeed1:0.000000,netSpeed2:0.000000================
=============speed:12.000000,netSpeed1:0.000000,netSpeed2:0.000000================
lm2:1731538:1731582 [1] NCCL INFO NCCL_TOPO_FILE set by environment to /home/czy/nccl/topo_mod.xml
lm2:1731539:1731577 [2] NCCL INFO NCCL_TOPO_FILE set by environment to /home/czy/nccl/topo_mod.xml
lm2:1731537:1731576 [0] NCCL INFO NCCL_TOPO_FILE set by environment to /home/czy/nccl/topo_mod.xml
lm2:1731540:1731583 [3] NCCL INFO NCCL_TOPO_FILE set by environment to /home/czy/nccl/topo_mod.xml
=============speed:12.000000,netSpeed1:0.000000,netSpeed2:0.000000================
=============speed:10.000000,netSpeed1:0.000000,netSpeed2:0.000000================
=============speed:10.000000,netSpeed1:0.000000,netSpeed2:0.000000================
=============speed:12.000000,netSpeed1:0.000000,netSpeed2:0.000000================
=============speed:10.000000,netSpeed1:0.000000,netSpeed2:0.000000================
=============speed:10.000000,netSpeed1:0.000000,netSpeed2:0.000000================
=============speed:10.000000,netSpeed1:0.000000,netSpeed2:0.000000================
=============speed:10.000000,netSpeed1:0.000000,netSpeed2:0.000000================
=============speed:12.000000,netSpeed1:0.000000,netSpeed2:0.000000================
=============speed:10.000000,netSpeed1:0.000000,netSpeed2:0.000000================
=============speed:10.000000,netSpeed1:0.000000,netSpeed2:0.000000================
=============speed:12.000000,netSpeed1:0.000000,netSpeed2:0.000000================
=============speed:12.000000,netSpeed1:0.000000,netSpeed2:0.000000================
=============speed:10.000000,netSpeed1:0.000000,netSpeed2:0.000000================
=============speed:10.000000,netSpeed1:0.000000,netSpeed2:0.000000================
=============speed:12.000000,netSpeed1:0.000000,netSpeed2:0.000000================
=============speed:10.000000,netSpeed1:0.000000,netSpeed2:0.000000================
=============speed:10.000000,netSpeed1:0.000000,netSpeed2:0.000000================
=============speed:10.000000,netSpeed1:0.000000,netSpeed2:0.000000================
=============speed:10.000000,netSpeed1:0.000000,netSpeed2:0.000000================
=============speed:12.000000,netSpeed1:0.000000,netSpeed2:0.000000================
=============speed:10.000000,netSpeed1:0.000000,netSpeed2:0.000000================
=============speed:10.000000,netSpeed1:0.000000,netSpeed2:0.000000================
=============speed:12.000000,netSpeed1:0.000000,netSpeed2:0.000000================
lm2:1731540:1731583 [3] NCCL INFO Setting affinity for GPU 3 to aaaa,aaaaaaaa,aaaaaaaa
lm2:1731537:1731576 [0] NCCL INFO NCCL_TOPO_DUMP_FILE set by environment to /home/czy/nccl/topo_mod_pciedump.xml
lm2:1731540:1731583 [3] NCCL INFO 
=== Node Type: GPU (Count: 4) ===

lm2:1731540:1731583 [3] NCCL INFO Node Type: GPU, ID: 0000:3b:00.0

lm2:1731540:1731583 [3] NCCL INFO   -> Dest Type: GPU

lm2:1731540:1731583 [3] NCCL INFO      Total Paths: 0, BW: 5000.00 GB/s, Type: PATH_LOC

lm2:1731540:1731583 [3] NCCL INFO   -> Dest Type: CPU

lm2:1731540:1731583 [3] NCCL INFO      Total Paths: 1, BW: 12.00 GB/s, Type: PATH_PHB

lm2:1731540:1731583 [3] NCCL INFO      Hop 1: Type=PATH_PIX, BW=12.00 GB/s, RemNodeType=CPU, id 0000:00:00.0 

lm2:1731540:1731583 [3] NCCL INFO Node Type: GPU, ID: 0000:5e:00.0

lm2:1731540:1731583 [3] NCCL INFO   -> Dest Type: GPU

lm2:1731540:1731583 [3] NCCL INFO      Total Paths: 2, BW: 12.00 GB/s, Type: PATH_PHB

lm2:1731540:1731583 [3] NCCL INFO      Hop 1: Type=PATH_PIX, BW=12.00 GB/s, RemNodeType=CPU, id 0000:00:00.0 

lm2:1731540:1731583 [3] NCCL INFO      Hop 2: Type=PATH_PIX, BW=12.00 GB/s, RemNodeType=GPU, id 0000:3b:00.0 

lm2:1731540:1731583 [3] NCCL INFO   -> Dest Type: CPU

lm2:1731540:1731583 [3] NCCL INFO      Total Paths: 1, BW: 12.00 GB/s, Type: PATH_PHB

lm2:1731540:1731583 [3] NCCL INFO      Hop 1: Type=PATH_PIX, BW=12.00 GB/s, RemNodeType=CPU, id 0000:00:00.0 

lm2:1731540:1731583 [3] NCCL INFO Node Type: GPU, ID: 0000:b1:00.0

lm2:1731540:1731583 [3] NCCL INFO   -> Dest Type: GPU

lm2:1731540:1731583 [3] NCCL INFO      Total Paths: 3, BW: 10.00 GB/s, Type: PATH_SYS

lm2:1731540:1731583 [3] NCCL INFO      Hop 1: Type=PATH_PIX, BW=12.00 GB/s, RemNodeType=CPU, id 0000:00:00.1 

lm2:1731540:1731583 [3] NCCL INFO      Hop 2: Type=PATH_SYS, BW=10.00 GB/s, RemNodeType=CPU, id 0000:00:00.0 

lm2:1731540:1731583 [3] NCCL INFO      Hop 3: Type=PATH_PIX, BW=12.00 GB/s, RemNodeType=GPU, id 0000:3b:00.0 

lm2:1731540:1731583 [3] NCCL INFO   -> Dest Type: CPU

lm2:1731540:1731583 [3] NCCL INFO      Total Paths: 2, BW: 10.00 GB/s, Type: PATH_SYS

lm2:1731540:1731583 [3] NCCL INFO      Hop 1: Type=PATH_PIX, BW=12.00 GB/s, RemNodeType=CPU, id 0000:00:00.1 

lm2:1731540:1731583 [3] NCCL INFO      Hop 2: Type=PATH_SYS, BW=10.00 GB/s, RemNodeType=CPU, id 0000:00:00.0 

lm2:1731540:1731583 [3] NCCL INFO Node Type: GPU, ID: 0000:d9:00.0

lm2:1731540:1731583 [3] NCCL INFO   -> Dest Type: GPU

lm2:1731540:1731583 [3] NCCL INFO      Total Paths: 3, BW: 10.00 GB/s, Type: PATH_SYS

lm2:1731540:1731583 [3] NCCL INFO      Hop 1: Type=PATH_PIX, BW=12.00 GB/s, RemNodeType=CPU, id 0000:00:00.1 

lm2:1731540:1731583 [3] NCCL INFO      Hop 2: Type=PATH_SYS, BW=10.00 GB/s, RemNodeType=CPU, id 0000:00:00.0 

lm2:1731540:1731583 [3] NCCL INFO      Hop 3: Type=PATH_PIX, BW=12.00 GB/s, RemNodeType=GPU, id 0000:3b:00.0 

lm2:1731540:1731583 [3] NCCL INFO   -> Dest Type: CPU

lm2:1731540:1731583 [3] NCCL INFO      Total Paths: 2, BW: 10.00 GB/s, Type: PATH_SYS

lm2:1731540:1731583 [3] NCCL INFO      Hop 1: Type=PATH_PIX, BW=12.00 GB/s, RemNodeType=CPU, id 0000:00:00.1 

lm2:1731540:1731583 [3] NCCL INFO      Hop 2: Type=PATH_SYS, BW=10.00 GB/s, RemNodeType=CPU, id 0000:00:00.0 

lm2:1731540:1731583 [3] NCCL INFO 
=== Node Type: PCI (Count: 0) ===

lm2:1731540:1731583 [3] NCCL INFO 
=== Node Type: NVS (Count: 0) ===

lm2:1731540:1731583 [3] NCCL INFO 
=== Node Type: CPU (Count: 2) ===

lm2:1731540:1731583 [3] NCCL INFO Node Type: CPU, ID: 0000:00:00.0

lm2:1731540:1731583 [3] NCCL INFO   -> Dest Type: GPU

lm2:1731540:1731583 [3] NCCL INFO      Total Paths: 1, BW: 12.00 GB/s, Type: PATH_PHB

lm2:1731540:1731583 [3] NCCL INFO      Hop 1: Type=PATH_PIX, BW=12.00 GB/s, RemNodeType=GPU, id 0000:3b:00.0 

lm2:1731540:1731583 [3] NCCL INFO   -> Dest Type: CPU

lm2:1731540:1731583 [3] NCCL INFO      Total Paths: 0, BW: 5000.00 GB/s, Type: PATH_LOC

lm2:1731540:1731583 [3] NCCL INFO Node Type: CPU, ID: 0000:00:00.1

lm2:1731540:1731583 [3] NCCL INFO   -> Dest Type: GPU

lm2:1731540:1731583 [3] NCCL INFO      Total Paths: 2, BW: 10.00 GB/s, Type: PATH_SYS

lm2:1731540:1731583 [3] NCCL INFO      Hop 1: Type=PATH_SYS, BW=10.00 GB/s, RemNodeType=CPU, id 0000:00:00.0 

lm2:1731540:1731583 [3] NCCL INFO      Hop 2: Type=PATH_PIX, BW=12=============speed:12.000000,netSpeed1:0.000000,netSpeed2:0.000000================
=============speed:10.000000,netSpeed1:0.000000,netSpeed2:0.000000================
=============speed:10.000000,netSpeed1:0.000000,netSpeed2:0.000000================
=============speed:12.000000,netSpeed1:0.000000,netSpeed2:0.000000================
=============speed:10.000000,netSpeed1:0.000000,netSpeed2:0.000000================
=============speed:10.000000,netSpeed1:0.000000,netSpeed2:0.000000================
=============speed:10.000000,netSpeed1:0.000000,netSpeed2:0.000000================
=============speed:10.000000,netSpeed1:0.000000,netSpeed2:0.000000================
=============speed:12.000000,netSpeed1:0.000000,netSpeed2:0.000000================
=============speed:10.000000,netSpeed1:0.000000,netSpeed2:0.000000================
=============speed:10.000000,netSpeed1:0.000000,netSpeed2:0.000000================
=============speed:12.000000,netSpeed1:0.000000,netSpeed2:0.000000================
.00 GB/s, RemNodeType=GPU, id 0000:3b:00.0 

lm2:1731540:1731583 [3] NCCL INFO   -> Dest Type: CPU

lm2:1731540:1731583 [3] NCCL INFO      Total Paths: 1, BW: 10.00 GB/s, Type: PATH_SYS

lm2:1731540:1731583 [3] NCCL INFO      Hop 1: Type=PATH_SYS, BW=10.00 GB/s, RemNodeType=CPU, id 0000:00:00.0 

lm2:1731540:1731583 [3] NCCL INFO 
=== Node Type: NIC (Count: 2) ===

lm2:1731540:1731583 [3] NCCL INFO Node Type: NIC, ID: 0000:18:00.0

lm2:1731540:1731583 [3] NCCL INFO   -> Dest Type: GPU

lm2:1731540:1731583 [3] NCCL INFO      Total Paths: 2, BW: 3.00 GB/s, Type: PATH_PHB

lm2:1731540:1731583 [3] NCCL INFO      Hop 1: Type=PATH_PIX, BW=3.00 GB/s, RemNodeType=CPU, id 0000:00:00.0 

lm2:1731540:1731583 [3] NCCL INFO      Hop 2: Type=PATH_PIX, BW=12.00 GB/s, RemNodeType=GPU, id 0000:3b:00.0 

lm2:1731540:1731583 [3] NCCL INFO   -> Dest Type: CPU

lm2:1731540:1731583 [3] NCCL INFO      Total Paths: 1, BW: 3.00 GB/s, Type: PATH_PHB

lm2:1731540:1731583 [3] NCCL INFO      Hop 1: Type=PATH_PIX, BW=3.00 GB/s, RemNodeType=CPU, id 0000:00:00.0 

lm2:1731540:1731583 [3] NCCL INFO Node Type: NIC, ID: 0000:00:00.0

lm2:1731540:1731583 [3] NCCL INFO   -> Dest Type: GPU

lm2:1731540:1731583 [3] NCCL INFO      Total Paths: 2, BW: 12.00 GB/s, Type: PATH_PHB

lm2:1731540:1731583 [3] NCCL INFO      Hop 1: Type=PATH_PIX, BW=5000.00 GB/s, RemNodeType=CPU, id 0000:00:00.0 

lm2:1731540:1731583 [3] NCCL INFO      Hop 2: Type=PATH_PIX, BW=12.00 GB/s, RemNodeType=GPU, id 0000:3b:00.0 

lm2:1731540:1731583 [3] NCCL INFO   -> Dest Type: CPU

lm2:1731540:1731583 [3] NCCL INFO      Total Paths: 1, BW: 5000.00 GB/s, Type: PATH_PHB

lm2:1731540:1731583 [3] NCCL INFO      Hop 1: Type=PATH_PIX, BW=5000.00 GB/s, RemNodeType=CPU, id 0000:00:00.0 

lm2:1731540:1731583 [3] NCCL INFO 
=== Node Type: NET (Count: 0) ===

lm2:1731540:1731583 [3] NCCL INFO Intra-node paths (nChannels=1):

lm2:1731540:1731583 [3] NCCL INFO   Channel 0: 
lm2:1731540:1731583 [3] NCCL INFO 0 
lm2:1731540:1731583 [3] NCCL INFO 1 
lm2:1731540:1731583 [3] NCCL INFO 2 
lm2:1731540:1731583 [3] NCCL INFO 3 
lm2:1731540:1731583 [3] NCCL INFO 0 
lm2:1731540:1731583 [3] NCCL INFO 0 
lm2:1731540:1731583 [3] NCCL INFO 0 
lm2:1731540:1731583 [3] NCCL INFO 0 
lm2:1731540:1731583 [3] NCCL INFO 0 
lm2:1731540:1731583 [3] NCCL INFO 0 
lm2:1731540:1731583 [3] NCCL INFO 0 
lm2:1731540:1731583 [3] NCCL INFO 0 
lm2:1731540:1731583 [3] NCCL INFO 0 
lm2:1731540:1731583 [3] NCCL INFO 0 
lm2:1731540:1731583 [3] NCCL INFO 0 
lm2:1731540:1731583 [3] NCCL INFO 0 
lm2:1731540:1731583 [3] NCCL INFO 0 
lm2:1731540:1731583 [3] NCCL INFO 0 
lm2:1731540:1731583 [3] NCCL INFO 0 
lm2:1731540:1731583 [3] NCCL INFO 0 
lm2:1731540:1731583 [3] NCCL INFO 0 
lm2:1731540:1731583 [3] NCCL INFO 0 
lm2:1731540:1731583 [3] NCCL INFO 0 
lm2:1731540:1731583 [3] NCCL INFO 0 
lm2:1731540:1731583 [3] NCCL INFO 0 
lm2:1731540:1731583 [3] NCCL INFO 0 
lm2:1731540:1731583 [3] NCCL INFO 0 
lm2:1731540:1731583 [3] NCCL INFO 0 
lm2:1731540:1731583 [3] NCCL INFO 0 
lm2:1731540:1731583 [3] NCCL INFO 0 
lm2:1731540:1731583 [3] NCCL INFO 0 
lm2:1731540:1731583 [3] NCCL INFO 0 
lm2:1731540:1731583 [3] NCCL INFO 0 
lm2:1731540:1731583 [3] NCCL INFO 0 
lm2:1731540:1731583 [3] NCCL INFO 0 
lm2:1731540:1731583 [3] NCCL INFO 0 
lm2:1731540:1731583 [3] NCCL INFO 0 
lm2:1731540:1731583 [3] NCCL INFO 0 
lm2:1731540:1731583 [3] NCCL INFO 0 
lm2:1731540:1731583 [3] NCCL INFO 0 
lm2:1731540:1731583 [3] NCCL INFO 0 
lm2:1731540:1731583 [3] NCCL INFO 0 
lm2:1731540:1731583 [3] NCCL INFO 0 
lm2:1731540:1731583 [3] NCCL INFO 0 
lm2:1731540:1731583 [3] NCCL INFO 0 
lm2:1731540:1731583 [3] NCCL INFO 0 
lm2:1731540:1731583 [3] NCCL INFO 0 
lm2:1731540:1731583 [3] NCCL INFO 0 
lm2:1731540:1731583 [3] NCCL INFO 0 
lm2:1731540:1731583 [3] NCCL INFO 0 
=============speed:12.000000,netSpeed1:0.000000,netSpeed2:0.000000================
=============speed:10.000000,netSpeed1:0.000000,netSpeed2:0.000000================
=============speed:10.000000,netSpeed1:0.000000,netSpeed2:0.000000================
=============speed:12.000000,netSpeed1:0.000000,netSpeed2:0.000000================
=============speed:10.000000,netSpeed1:0.000000,netSpeed2:0.000000================
=============speed:10.000000,netSpeed1:0.000000,netSpeed2:0.000000================
=============speed:10.000000,netSpeed1:0.000000,netSpeed2:0.000000================
=============speed:10.000000,netSpeed1:0.000000,netSpeed2:0.000000================
=============speed:12.000000,netSpeed1:0.000000,netSpeed2:0.000000================
=============speed:10.000000,netSpeed1:0.000000,netSpeed2:0.000000================
=============speed:10.000000,netSpeed1:0.000000,netSpeed2:0.000000================
=============speed:12.000000,netSpeed1:0.000000,netSpeed2:0.000000================
lm2:1731540:1731583 [3] NCCL INFO 0 
lm2:1731540:1731583 [3] NCCL INFO 0 
lm2:1731540:1731583 [3] NCCL INFO 0 
lm2:1731540:1731583 [3] NCCL INFO 0 
lm2:1731540:1731583 [3] NCCL INFO 0 
lm2:1731540:1731583 [3] NCCL INFO 0 
lm2:1731540:1731583 [3] NCCL INFO 0 
lm2:1731540:1731583 [3] NCCL INFO 0 
lm2:1731540:1731583 [3] NCCL INFO 0 
lm2:1731540:1731583 [3] NCCL INFO 0 
lm2:1731540:1731583 [3] NCCL INFO 0 
lm2:1731540:1731583 [3] NCCL INFO 0 
lm2:1731540:1731583 [3] NCCL INFO 0 
lm2:1731540:1731583 [3] NCCL INFO 0 
lm2:1731540:1731583 [3] NCCL INFO 0 
lm2:1731540:1731583 [3] NCCL INFO 0 
lm2:1731540:1731583 [3] NCCL INFO 0 
lm2:1731540:1731583 [3] NCCL INFO 0 
lm2:1731540:1731583 [3] NCCL INFO 0 
lm2:1731540:1731583 [3] NCCL INFO 0 
lm2:1731540:1731583 [3] NCCL INFO 0 
lm2:1731540:1731583 [3] NCCL INFO 0 
lm2:1731540:1731583 [3] NCCL INFO 0 
lm2:1731540:1731583 [3] NCCL INFO 0 
lm2:1731540:1731583 [3] NCCL INFO 0 
lm2:1731540:1731583 [3] NCCL INFO 0 
lm2:1731540:1731583 [3] NCCL INFO 0 
lm2:1731540:1731583 [3] NCCL INFO 0 
lm2:1731540:1731583 [3] NCCL INFO 0 
lm2:1731540:1731583 [3] NCCL INFO 0 
lm2:1731540:1731583 [3] NCCL INFO 0 
lm2:1731540:1731583 [3] NCCL INFO 0 
lm2:1731540:1731583 [3] NCCL INFO 0 
lm2:1731540:1731583 [3] NCCL INFO 0 
lm2:1731540:1731583 [3] NCCL INFO 0 
lm2:1731540:1731583 [3] NCCL INFO 0 
lm2:1731540:1731583 [3] NCCL INFO 0 
lm2:1731540:1731583 [3] NCCL INFO 0 
lm2:1731540:1731583 [3] NCCL INFO 0 
lm2:1731540:1731583 [3] NCCL INFO 0 
lm2:1731540:1731583 [3] NCCL INFO 0 
lm2:1731540:1731583 [3] NCCL INFO 0 
lm2:1731540:1731583 [3] NCCL INFO 0 
lm2:1731540:1731583 [3] NCCL INFO 0 
lm2:1731540:1731583 [3] NCCL INFO 0 
lm2:1731540:1731583 [3] NCCL INFO 0 
lm2:1731540:1731583 [3] NCCL INFO 0 
lm2:1731540:1731583 [3] NCCL INFO 0 
lm2:1731540:1731583 [3] NCCL INFO 0 
lm2:1731540:1731583 [3] NCCL INFO 0 
lm2:1731540:1731583 [3] NCCL INFO 0 
lm2:1731540:1731583 [3] NCCL INFO 0 
lm2:1731540:1731583 [3] NCCL INFO 0 
lm2:1731540:1731583 [3] NCCL INFO 0 
lm2:1731540:1731583 [3] NCCL INFO 0 
lm2:1731540:1731583 [3] NCCL INFO 0 
lm2:1731540:1731583 [3] NCCL INFO 0 
lm2:1731540:1731583 [3] NCCL INFO 0 
lm2:1731540:1731583 [3] NCCL INFO 0 
lm2:1731540:1731583 [3] NCCL INFO 0 
lm2:1731540:1731583 [3] NCCL INFO 0 
lm2:1731540:1731583 [3] NCCL INFO 0 
lm2:1731540:1731583 [3] NCCL INFO 0 
lm2:1731540:1731583 [3] NCCL INFO 0 
lm2:1731540:1731583 [3] NCCL INFO 0 
lm2:1731540:1731583 [3] NCCL INFO 0 
lm2:1731540:1731583 [3] NCCL INFO 0 
lm2:1731540:1731583 [3] NCCL INFO 0 
lm2:1731540:1731583 [3] NCCL INFO 0 
lm2:1731540:1731583 [3] NCCL INFO 0 
lm2:1731540:1731583 [3] NCCL INFO 0 
lm2:1731540:1731583 [3] NCCL INFO 0 
lm2:1731540:1731583 [3] NCCL INFO 0 
lm2:1731540:1731583 [3] NCCL INFO 0 
lm2:1731540:1731583 [3] NCCL INFO 0 
lm2:1731540:1731583 [3] NCCL INFO 0 
lm2:1731540:1731583 [3] NCCL INFO 0 
lm2:1731540:1731583 [3] NCCL INFO 0 
lm2:1731540:1731583 [3] NCCL INFO 0 
lm2:1731540:1731583 [3] NCCL INFO 0 
lm2:1731540:1731583 [3] NCCL INFO 0 
lm2:1731540:1731583 [3] NCCL INFO 0 
lm2:1731540:1731583 [3] NCCL INFO 0 
lm2:1731540:1731583 [3] NCCL INFO 0 
lm2:1731540:1731583 [3] NCCL INFO 0 
lm2:1731540:1731583 [3] NCCL INFO 0 
lm2:1731540:1731583 [3] NCCL INFO 0 
lm2:1731540:1731583 [3] NCCL INFO 0 
lm2:1731540:1731583 [3] NCCL INFO 0 
lm2:1731540:1731583 [3] NCCL INFO 0 
lm2:1731540:1731583 [3] NCCL INFO 0 
lm2:1731540:1731583 [3] NCCL INFO 0 
lm2:1731540:1731583 [3] NCCL INFO 0 
lm2:1731540:1731583 [3] NCCL INFO 0 
lm2:1731540:1731583 [3] NCCL INFO 0 
lm2:1731540:1731583 [3] NCCL INFO 0 
lm2:1731540:1731583 [3] NCCL INFO 0 
lm2:1731540:1731583 [3] NCCL INFO 0 
lm2:1731540:1731583 [3] NCCL INFO 0 
lm2:1731540:1731583 [3] NCCL INFO 0 
lm2:1731540:1731583 [3] NCCL INFO 0 
lm2:1731540:1731583 [3] NCCL INFO 0 
lm2:1731540:1731583 [3] NCCL INFO 0 
lm2:1731540:1731583 [3] NCCL INFO 0 
lm2:1731540:1731583 [3] NCCL INFO 0 
lm2:1731540:1731583 [3] NCCL INFO 0 
lm2:1731540:1731583 [3] NCCL INFO 0 
lm2:1731540:1731583 [3] NCCL INFO 0 
lm2:1731540:1731583 [3] NCCL INFO 0 
lm2:1731540:1731583 [3] NCCL INFO 0 
lm2:1731540:1731583 [3] NClm2:1731537:1731576 [0] NCCL INFO Setting affinity for GPU 0 to 5555,55555555,55555555
CL INFO 0 
lm2:1731540:1731583 [3] NCCL INFO 0 
lm2:1731540:1731583 [3] NCCL INFO 0 
lm2:1731540:1731583 [3] NCCL INFO 0 
lm2:1731540:1731583 [3] NCCL INFO 0 
lm2:1731540:1731583 [3] NCCL INFO 0 
lm2:1731540:1731583 [3] NCCL INFO 0 
lm2:1731540:1731583 [3] NCCL INFO 0 
lm2:1731540:1731583 [3] NCCL INFO 0 
lm2:1731540:1731583 [3] NCCL INFO 0 
lm2:1731540:1731583 [3] NCCL INFO 0 
lm2:1731540:1731583 [3] NCCL INFO 0 
lm2:1731540:1731583 [3] NCCL INFO 0 
lm2:1731540:1731583 [3] NCCL INFO 0 
lm2:1731540:1731583 [3] NCCL INFO 0 
lm2:1731540:1731583 [3] NCCL INFO 0 
lm2:1731540:1731583 [3] NCCL INFO 0 
lm2:1731540:1731583 [3] NCCL INFO 0 
lm2:1731540:1731583 [3] NCCL INFO 0 
lm2:1731540:1731583 [3] NCCL INFO 0 
lm2:1731540:1731583 [3] NCCL INFO 0 
lm2:1731540:1731583 [3] NCCL INFO 0 
lm2:1731540:1731583 [3] NCCL INFO 0 
lm2:1731540:1731583 [3] NCCL INFO 0 
lm2:1731540:1731583 [3] NCCL INFO 0 
lm2:1731540:1731583 [3] NCCL INFO 0 
lm2:1731540:1731583 [3] NCCL INFO 0 
lm2:1731540:1731583 [3] NCCL INFO 0 
lm2:1731540:1731583 [3] NCCL INFO 0 
lm2:1731540:1731583 [3] NCCL INFO 0 
lm2:1731540:1731583 [3] NCCL INFO 0 
lm2:1731540:1731583 [3] NCCL INFO 0 
lm2:1731540:1731583 [3] NCCL INFO 0 
lm2:1731540:1731583 [3] NCCL INFO 0 
lm2:1731540:1731583 [3] NCCL INFO 0 
lm2:1731540:1731583 [3] NCCL INFO 0 
lm2:1731540:1731583 [3] NCCL INFO 0 
lm2:1731540:1731583 [3] NCCL INFO 0 
lm2:1731540:1731583 [3] NCCL INFO 0 
lm2:1731540:1731583 [3] NCCL INFO 0 
lm2:1731540:1731583 [3] NCCL INFO 0 
lm2:1731540:1731583 [3] NCCL INFO 0 
lm2:1731540:1731583 [3] NCCL INFO 0 
lm2:1731540:1731583 [3] NCCL INFO 0 
lm2:1731540:1731583 [3] NCCL INFO 0 
lm2:1731540:1731583 [3] NCCL INFO 0 
lm2:1731540:1731583 [3] NCCL INFO 0 
lm2:1731540:1731583 [3] NCCL INFO 0 
lm2:1731540:1731583 [3] NCCL INFO 0 
lm2:1731540:1731583 [3] NCCL INFO 0 
lm2:1731540:1731583 [3] NCCL INFO 0 
lm2:1731540:1731583 [3] NCCL INFO 0 
lm2:1731540:1731583 [3] NCCL INFO 0 
lm2:1731540:1731583 [3] NCCL INFO 0 
lm2:1731540:1731583 [3] NCCL INFO 0 
lm2:1731540:1731583 [3] NCCL INFO 0 
lm2:1731540:1731583 [3] NCCL INFO 0 
lm2:1731540:1731583 [3] NCCL INFO 0 
lm2:1731540:1731583 [3] NCCL INFO 0 
lm2:1731540:1731583 [3] NCCL INFO 0 
lm2:1731540:1731583 [3] NCCL INFO 0 
lm2:1731540:1731583 [3] NCCL INFO 0 
lm2:1731540:1731583 [3] NCCL INFO 0 
lm2:1731540:1731583 [3] NCCL INFO 0 
lm2:1731540:1731583 [3] NCCL INFO 0 
lm2:1731540:1731583 [3] NCCL INFO 0 
lm2:1731540:1731583 [3] NCCL INFO 0 
lm2:1731540:1731583 [3] NCCL INFO 0 
lm2:1731540:1731583 [3] NCCL INFO 0 
lm2:1731540:1731583 [3] NCCL INFO 0 
lm2:1731540:1731583 [3] NCCL INFO 0 
lm2:1731540:1731583 [3] NCCL INFO 0 
lm2:1731540:1731583 [3] NCCL INFO 0 
lm2:1731540:1731583 [3] NCCL INFO 0 
lm2:1731540:1731583 [3] NCCL INFO 0 
lm2:1731540:1731583 [3] NCCL INFO 0 
lm2:1731540:1731583 [3] NCCL INFO 0 
lm2:1731540:1731583 [3] NCCL INFO 0 
lm2:1731540:1731583 [3] NCCL INFO 0 
lm2:1731540:1731583 [3] NCCL INFO 0 
lm2:1731540:1731583 [3] NCCL INFO 0 
lm2:1731540:1731583 [3] NCCL INFO 0 
lm2:1731540:1731583 [3] NCCL INFO 0 
lm2:1731540:1731583 [3] NCCL INFO 0 
lm2:1731540:1731583 [3] NCCL INFO 0 
lm2:1731540:1731583 [3] NCCL INFO 0 
lm2:1731540:1731583 [3] NCCL INFO 0 
lm2:1731540:1731583 [3] NCCL INFO 0 
lm2:1731540:1731583 [3] NCCL INFO 0 
lm2:1731540:1731583 [3] NCCL INFO 0 
lm2:1731540:1731583 [3] NCCL INFO 0 
lm2:1731540:1731583 [3] NCCL INFO 0 
lm2:1731540:1731583 [3] NCCL INFO 0 
lm2:1731540:1731583 [3] NCCL INFO 0 
lm2:1731540:1731583 [3] NCCL INFO 0 
lm2:1731540:1731583 [3] NCCL INFO 0 
lm2:1731540:1731583 [3] NCCL INFO 

lm2:1731537:1731576 [0] NCCL INFO 
=== Node Type: GPU (Count: 4) ===

lm2:1731537:1731576 [0] NCCL INFO Node Type: GPU, ID: 0000:3b:00.0

lm2:1731537:1731576 [0] NCCL INFO   -> Dest Type: GPU

lm2:1731537:1731576 [0] NCCL INFO      Total Paths: 0, BW: 5000.00 GB/s, Type: PATH_LOC

lm2:1731537:1731576 [0] NCCL INFO   -> Dest Type: CPU

lm2:1731537:1731576 [0] NCCL INFO      Total Paths: 1, BW: 12.00 GB/s, Type: PATH_PHB

lm2:1731537:1731576 [0] NCCL INFO      Hop 1: Type=PATH_PIX, BW=12.00 GB/s, RemNodeType=CPU, id 0000:00:00.0 

lm2:1731537:1731576 [0] NCCL INFO Node Type: GPU, ID: 0000:5e:00.0

lm2:1731537:1731576 [0] NCCL INFO   -> Dest Type: GPU

lm2:1731537:1731576 [0] NCCL INFO      Total Paths: 2, BW: 12.00 GB/s, Type: PATH_PHB

lm2:1731537:1731576 [0] NCCL INFO      Hop 1: Type=PATH_PIX, BW=12.00 GB/s, RemNodeType=CPU, id 0000:00:00.0 

lm2:1731537:1731576 [0] NCCL INFO      Hop 2: Type=PATH_PIX, BW=12.00 GB/s, RemNodeType=GPU, id 0000:3b:00.0 

lm2:1731537:1731576 [0] NCCL INFO   -> Dest Type: CPU

lm2:1731537:1731576 [0] NCCL INFO      Total Paths: 1, BW: 12.00 GB/s, Type: PATH_PHB

lm2:1731537:1731576 [0] NCCL INFO      Hop 1: Type=PATH_PIX, BW=12.00 GB/s, RemNodeType=CPU, id 0000:00:00.0 

lm2:1731537:1731576 [0] NCCL INFO Node Type: GPU, ID: 0000:b1:00.0

lm2:1731537:1731576 [0] NCCL INFO   -> Dest Type: GPU

lm2:1731537:1731576 [0] NCCL INFO      Total Paths: 3, BW: 10.00 GB/s, Type: PATH_SYS

lm2:1731537:1731576 [0] NCCL INFO      Hop 1: Type=PATH_PIX, BW=12.00 GB/s, RemNodeType=CPU, id 0000:00:00.1 

lm2:1731537:1731576 [0] NCCL INFO      Hop 2: Type=PATH_SYS, BW=10.00 GB/s, RemNodeType=CPU, id 0000:00:00.0 

lm2:1731537:1731576 [0] NCCL INFO      Hop 3: Type=PATH_PIX, BW=12.00 GB/s, RemNodeType=GPU, id 0000:3b:00.0 

lm2:1731537:1731576 [0] NCCL INFO   -> Dest Type: CPU

lm2:1731537:1731576 [0] NCCL INFO      Total Paths: 2, BW: 10.00 GB/s, Type: PATH_SYS

lm2:1731537:1731576 [0] NCCL INFO      Hop 1: Type=PATH_PIX, BW=12.00 GB/s, RemNodeType=CPU, id 0000:00:00.1 

lm2:1731537:1731576 [0] NCCL INFO      Hop 2: Type=PATH_SYS, BW=10.00 GB/s, RemNodeType=CPU, id 0000:00:00.0 

lm2:1731537:1731576 [0] NCCL INFO Node Type: GPU, ID: 0000:d9:00.0

lm2:1731537:1731576 [0] NCCL INFO   -> Dest Type: GPU

lm2:1731537:1731576 [0] NCCL INFO      Total Paths: 3, BW: 10.00 GB/s, Type: PATH_SYS

lm2:1731537:1731576 [0] NCCL INFO      Hop 1: Type=PATH_PIX, BW=12.00 GB/s, RemNodeType=CPU, id 0000:00:00.1 

lm2:1731537:1731576 [0] NCCL INFO      Hop 2: Type=PATH_SYS, BW=10.00 GB/s, RemNodeType=CPU, id 0000:00:00.0 

lm2:1731537:1731576 [0] NCCL INFO      Hop 3: Type=PATH_PIX, BW=12.00 GB/s, RemNodeType=GPU, id 0000:3b:00.0 

lm2:1731537:1731576 [0] NCCL INFO   -> Dest Type: CPU

lm2:1731537:1731576 [0] NCCL INFO      Total Paths: 2, BW: 10.00 GB/s, Type: PATH_SYS

lm2:1731537:1731576 [0] NCCL INFO      Hop 1: Type=PATH_PIX, BW=12.00 GB/s, RemNodeType=CPU, id 0000:00:00.1 

lm2:1731537:1731576 [0] NCCL INFO      Hop 2: Type=PATH_SYS, BW=10.00 GB/s, RemNodeType=CPU, id 0000:00:00.0 

lm2:1731537:1731576 [0] NCCL INFO 
=== Node Type: PCI (Count: 0) ===

lm2:1731537:1731576 [0] NCCL INFO 
=== Node Type: NVS (Count: 0) ===

lm2:1731537:1731576 [0] NCCL INFO 
=== Node Type: CPU (Count: 2) ===

lm2:1731537:1731576 [0] NCCL INFO Node Type: CPU, ID: 0000:00:00.0

lm2:1731537:1731576 [0] NCCL INFO   -> Dest Type: GPU

lm2:1731537:1731576 [0] NCCL INFO      Total Paths: 1, BW: 12.00 GB/s, Type: PATH_PHB

lm2:1731537:1731576 [0] NCCL INFO      Hop 1: Type=PATH_PIX, BW=12.00 GB/s, RemNodeType=GPU, id 0000:3b:00.0 

lm2:1731537:1731576 [0] NCCL INFO   -> Dest Type: CPU

lm2:1731537:1731576 [0] NCCL INFO      Total Paths: 0, BW: 5000.00 GB/s, Type: PATH_LOC

lm2:1731537:1731576 [0] NCCL INFO Node Type: CPU, ID: 0000:00:00.1

lm2:1731537:1731576 [0] NCCL INFO   -> Dest Type: GPU

lm2:1731537:1731576 [0] NCCL INFO      Total Paths: 2, BW: 10.00 GB/s, Type: PATH_SYS

lm2:1731537:1731576 [0] NCCL INFO      Hop 1: Type=PATH_SYS, BW=10.00 GB/s, RemNodeType=CPU, id 0000:00:00.0 

lm2:1731537:1731576 [0] NCCL INFO      Hop 2: Type=PATH_PIX, BW=12.00 GB/s, RemNodeType=GPU, id 0000:3b:00.0 

lm2:1731537:1731576 [0] NCCL INFO   -> Dest Type: CPU

lm2:1731537:1731576 [0] NCCL INFO      Total Paths: 1, BW: 10.00 GB/s, Type: PATH_SYS

lm2:1731537:1731576 [0] NCCL INFO      Hop 1: Type=PATH_SYS, BW=10.00 GB/s, RemNodeType=CPU, id 0000:00:00.0 

lm2:1731537:1731576 [0] NCCL INFO 
=== Node Type: NIC (Count: 2) ===

lm2:1731537:1731576 [0] NCCL INFO Node Type: NIC, ID: 0000:18:00.0

lm2:1731537:1731576 [0] NCCL INFO   -> Dest Type: GPU

lm2:1731537:1731576 [0] NCCL INFO      Total Paths: 2, BW: 3.00 GB/s, Type: PATH_PHB

lm2:1731537:1731576 [0] NCCL INFO      Hop 1: Type=PATH_PIX, BW=3.00 GB/s, RemNodeType=CPU, id 0000:00:00.0 

lm2:1731537:1731576 [0] NCCL INFO      Hop 2: Type=PATH_PIX, BW=12.00 GB/s, RemNodeType=GPU, id 0000:3b:00.0 

lm2:1731537:1731576 [0] NCCL INFO   -> Dest Type: CPU

lm2:1731537:1731576 [0] NCCL INFO      Total Paths: 1, BW: 3.00 GB/s, Type: PATH_PHB

lm2:1731537:1731576 [0] NCCL INFO      Hop 1: Type=PATH_PIX, BW=3.00 GB/s, RemNodeType=CPU, id 0000:00:00.0 

lm2:1731537:1731576 [0] NCCL INFO Node Type: NIC, ID: 0000:00:00.0

lm2:1731537:1731576 [0] NCCL INFO   -> Dest Type: GPU

lm2:1731537:1731576 [0] NCCL INFO      Total Paths: 2, BW: 12.00 GB/s, Type: PATH_PHB

lm2:1731537:1731576 [0] NCCL INFO      Hop 1: Type=PATH_PIX, BW=5000.00 GB/s, RemNodeType=CPU, id 0000:00:00.0 

lm2:1731537:1731576 [0] NCCL INFO      Hop 2: Type=PATH_PIX, BW=12.00 GB/s, RemNodeType=GPU, id 0000:3b:00.0 

lm2:1731537:1731576 [0] NCCL INFO   -> Dest Type: CPU

lm2:1731537:1731576 [0] NCCL INFO      Total Paths: 1, BW: 5000.00 GB/s, Type: PATH_PHB

lm2:1731537:1731576 [0] NCCL INFO      Hop 1: Type=PATH_PIX, BW=5000.00 GB/s, RemNodeType=CPU, id 0000:00:00.0 

lm2:1731537:1731576 [0] NCCL INFO 
=== Node Type: NET (Count: 0) ===

lm2:1731537:1731576 [0] NCCL INFO Intra-node paths (nChannels=1):

lm2:1731537:1731576 [0] NCCL INFO   Channel 0: 
lm2:1731537:1731576 [0] NCCL INFO 0 
lm2:1731537:1731576 [0] NCCL INFO 1 
lm2:1731537:1731576 [0] NCCL INFO 2 
lm2:1731537:1731576 [0] NCCL INFO 3 
lm2:1731537:1731576 [0] NCCL INFO 0 
lm2:1731537:1731576 [0] NCCL INFO 0 
lm2:1731537:1731576 [0] NCCL INFO 0 
lm2:1731537:1731576 [0] NCCL INFO 0 
lm2:1731537:1731576 [0] NCCL INFO 0 
lm2:1731537:1731576 [0] NCCL INFO 0 
lm2:1731537:1731576 [0] NCCL INFO 0 
lm2:1731537:1731576 [0] NCCL INFO 0 
lm2:1731537:1731576 [0] NCCL INFO 0 
lm2:1731537:1731576 [0] NCCL INFO 0 
lm2:1731537:1731576 [0] NCCL INFO 0 
lm2:1731537:1731576 [0] NCCL INFO 0 
lm2:1731537:1731576 [0] NCCL INFO 0 
lm2:1731537:1731576 [0] NCCL INFO 0 
lm2:1731537:1731576 [0] NCCL INFO 0 
lm2:1731537:1731576 [0] NCCL INFO 0 
lm2:1731537:1731576 [0] NCCL INFO 0 
lm2:1731537:1731576 [0] NCCL INFO 0 
lm2:1731537:1731576 [0] NCCL INFO 0 
lm2:1731537:1731576 [0] NCCL INFO 0 
lm2:1731537:1731576 [0] NCCL INFO 0 
lm2:1731537:1731576 [0] NCCL INFO 0 
lm2:1731537:1731576 [0] NCCL INFO 0 
lm2:1731537:1731576 [0] NCCL INFO 0 
lm2:1731537:1731576 [0] NCCL INFO 0 
lm2:1731537:1731576 [0] NCCL INFO 0 
lm2:1731537:1731576 [0] NCCL INFO 0 
lm2:1731537:1731576 [0] NCCL INFO 0 
lm2:1731537:1731576 [0] NCCL INFO 0 
lm2:1731537:1731576 [0] NCCL INFO 0 
lm2:1731537:1731576 [0] NCCL INFO 0 
lm2:1731537:1731576 [0] NCCL INFO 0 
lm2:1731537:1731576 [0] NCCL INFO 0 
lm2:1731537:1731576 [0] NCCL INFO 0 
lm2:1731537:1731576 [0] NCCL INFO 0 
lm2:1731537:1731576 [0] NCCL INFO 0 
lm2:1731537:1731576 [0] NCCL INFO 0 
lm2:1731537:1731576 [0] NCCL INFO 0 
lm2:1731537:1731576 [0] NCCL INFO 0 
lm2:1731537:1731576 [0] NCCL INFO 0 
lm2:1731537:1731576 [0] NCCL INFO 0 
lm2:1731537:1731576 [0] NCCL INFO 0 
lm2:1731537:1731576 [0] NCCL INFO 0 
lm2:1731537:1731576 [0] NCCL INFO 0 
lm2:1731537:1731576 [0] NCCL INFO 0 
lm2:1731537:1731576 [0] NCCL INFO 0 
lm2:1731537:1731576 [0] NCCL INFO 0 
lm2:1731537:1731576 [0] NCCL INFO 0 
lm2:1731537:1731576 [0] NCCL INFO 0 
lm2:1731537:1731576 [0] NCCL INFO 0 
lm2:1731537:1731576 [0] NCCL INFO 0 
lm2:1731537:1731576 [0] NCCL INFO 0 
lm2:1731537:1731576 [0] NCCL INFO 0 
lm2:1731537:1731576 [0] NCCL INFO 0 
lm2:1731537:1731576 [0] NCCL INFO 0 
lm2:1731537:1731576 [0] NCCL INFO 0 
lm2:1731537:1731576 [0] NCCL INFO 0 
lm2:1731537:1731576 [0] NCCL INFO 0 
lm2:1731537:1731576 [0] NCCL INFO 0 
lm2:1731537:1731576 [0] NCCL INFO 0 
lm2:1731537:1731576 [0] NCCL INFO 0 
lm2:1731537:1731576 [0] NCCL INFO 0 
lm2:1731537:1731576 [0] NCCL INFO 0 
lm2:1731537:1731576 [0] NCCL INFO 0 
lm2:1731537:1731576 [0] NCCL INFO 0 
lm2:1731537:1731576 [0] NCCL INFO 0 
lm2:1731537:1731576 [0] NCCL INFO 0 
lm2:1731537:1731576 [0] NCCL INFO 0 
lm2:1731537:1731576 [0] NCCL INFO 0 
lm2:1731537:1731576 [0] NCCL INFO 0 
lm2:1731537:1731576 [0] NCCL INFO 0 
lm2:1731537:1731576 [0] NCCL INFO 0 
lm2:1731537:1731576 [0] NCCL INFO 0 
lm2:1731537:1731576 [0] NCCL INFO 0 
lm2:1731537:1731576 [0] NCCL INFO 0 
lm2:1731537:1731576 [0] NCCL INFO 0 
lm2:1731537:1731576 [0] NCCL INFO 0 
lm2:1731537:1731576 [0] NCCL INFO 0 
lm2:1731537:1731576 [0] NCCL INFO 0 
lm2:1731537:1731576 [0] NCCL INFO 0 
lm2:1731537:1731576 [0] NCCL INFO 0 
lm2:1731537:1731576 [0] NCCL INFO 0 
lm2:1731537:1731576 [0] NCCL INFO 0 
lm2:1731537:1731576 [0] NCCL INFO 0 
lm2:1731537:1731576 [0] NCCL INFO 0 
lm2:1731537:1731576 [0] NCCL INFO 0 
lm2:1731537:1731576 [0] NCCL INFO 0 
lm2:1731537:1731576 [0] NCCL INFO 0 
lm2:1731537:1731576 [0] NCCL INFO 0 
lm2:1731537:1731576 [0] NCCL INFO 0 
lm2:1731537:1731576 [0] NCCL INFO 0 
lm2:1731537:1731576 [0] NCCL INFO 0 
lm2:1731537:1731576 [0] NCCL INFO 0 
lm2:1731537:1731576 [0] NCCL INFO 0 
lm2:1731537:1731576 [0] NCCL INFO 0 
lm2:1731537:1731576 [0] NCCL INFO 0 
lm2:1731537:1731576 [0] NCCL INFO 0 
lm2:1731537:1731576 [0] NCCL INFO 0 
lm2:1731537:1731576 [0] NCCL INFO 0 
lm2:1731537:1731576 [0] NCCL INFO 0 
lm2:1731537:1731576 [0] NCCL INFO 0 
lm2:1731537:1731576 [0] NCCL INFO 0 
lm2:1731537:1731576 [0] NCCL INFO 0 
lm2:1731537:1731576 [0] NCCL INFO 0 
lm2:1731537:1731576 [0] NCCL INFO 0 
lm2:1731537:1731576 [0] NCCL INFO 0 
lm2:1731537:1731576 [0] NCCL INFO 0 
lm2:1731537:1731576 [0] NCCL INFO 0 
lm2:1731537:1731576 [0] NCCL INFO 0 
lm2:1731537:1731576 [0] NCCL INFO 0 
lm2:1731537:1731576 [0] NCCL INFO 0 
lm2:1731537:1731576 [0] NCCL INFO 0 
lm2:1731537:1731576 [0] NCCL INFO 0 
lm2:1731537:1731576 [0] NCCL INFO 0 
lm2:1731537:1731576 [0] NCCL INFO 0 
lm2:1731537:1731576 [0] NCCL INFO 0 
lm2:1731537:1731576 [0] NCCL INFO 0 
lm2:1731537:1731576 [0] NCCL INFO 0 
lm2:1731537:1731576 [0] NCCL INFO 0 
lm2:1731537:1731576 [0] NCCL INFO 0 
lm2:1731537:1731576 [0] NCCL INFO 0 
lm2:1731537:1731576 [0] NCCL INFO 0 
lm2:1731537:1731576 [0] NCCL INFO 0 
lm2:1731537:1731576 [0] NCCL INFO 0 
lm2:1731537:1731576 [0] NCCL INFO 0 
lm2:1731537:1731576 [0] NCCL INFO 0 
lm2:1731537:1731576 [0] NCCL INFO 0 
lm2:1731537:1731576 [0] NCCL INFO 0 
lm2:1731537:1731576 [0] NCCL INFO 0 
lm2:1731537:1731576 [0] NCCL INFO 0 
lm2:1731537:1731576 [0] NCCL INFO 0 
lm2:1731537:1731576 [0] NCCL INFO 0 
lm2:1731537:1731576 [0] NCCL INFO 0 
lm2:1731537:1731576 [0] NCCL INFO 0 
lm2:1731537:1731576 [0] NCCL INFO 0 
lm2:1731537:1731576 [0] NCCL INFO 0 
lm2:1731537:1731576 [0] NCCL INFO 0 
lm2:1731537:1731576 [0] NCCL INFO 0 
lm2:1731537:1731576 [0] NCCL INFO 0 
lm2:1731537:1731576 [0] NCCL INFO 0 
lm2:1731537:1731576 [0] NCCL INFO 0 
lm2:1731537:1731576 [0] NCCL INFO 0 
lm2:1731537:1731576 [0] NCCL INFO 0 
lm2:1731537:1731576 [0] NCCL INFO 0 
lm2:1731537:1731576 [0] NCCL INFO 0 
lm2:1731537:1731576 [0] NCCL INFO 0 
lm2:1731537:1731576 [0] NCCL INFO 0 
lm2:1731537:1731576 [0] NCCL INFO 0 
lm2:1731537:1731576 [0] NCCL INFO 0 
lm2:1731537:1731576 [0] NCCL INFO 0 
lm2:1731537:1731576 [0] NCCL INFO 0 
lm2:1731537:1731576 [0] NCCL INFO 0 
lm2:1731537:1731576 [0] NCCL INFO 0 
lm2:1731537:1731576 [0] NCCL INFO 0 
lm2:1731537:1731576 [0] NCCL INFO 0 
lm2:1731537:1731576 [0] NCCL INFO 0 
lm2:1731537:1731576 [0] NCCL INFO 0 
lm2:1731537:1731576 [0] NCCL INFO 0 
lm2:1731537:1731576 [0] NCCL INFO 0 
lm2:1731537:1731576 [0] NCCL INFO 0 
lm2:1731537:1731576 [0] NCCL INFO 0 
lm2:1731537:1731576 [0] NCCL INFO 0 
lm2:1731537:1731576 [0] NCCL INFO 0 
lm2:1731537:1731576 [0] NCCL INFO 0 
lm2:1731537:1731576 [0] NCCL INFO 0 
lm2:1731537:1731576 [0] NCCL INFO 0 
lm2:1731537:1731576 [0] NCCL INFO 0 
lm2:1731537:1731576 [0] NCCL INFO 0 
lm2:1731537:1731576 [0] NCCL INFO 0 
lm2:1731537:1731576 [0] NCCL INFO 0 
lm2:1731537:1731576 [0] NCCL INFO 0 
lm2:1731537:1731576 [0] NCCL INFO 0 
lm2:1731537:1731576 [0] NCCL INFO 0 
lm2:1731537:1731576 [0] NCCL INFO 0 
lm2:1731537:1731576 [0] NCCL INFO 0 
lm2:1731537:1731576 [0] NCCL INFO 0 
lm2:1731537:1731576 [0] NCCL INFO 0 
lm2:1731537:1731576 [0] NCCL INFO 0 
lm2:1731537:1731576 [0] NCCL INFO 0 
lm2:1731537:1731576 [0] NCCL INFO 0 
lm2:1731537:1731576 [0] NCCL INFO 0 
lm2:1731537:1731576 [0] NCCL INFO 0 
lm2:1731537:1731576 [0] NCCL INFO 0 
lm2:1731537:1731576 [0] NCCL INFO 0 
lm2:1731537:1731576 [0] NCCL INFO 0 
lm2:1731537:1731576 [0] NCCL INFO 0 
lm2:1731537:1731576 [0] NCCL INFO 0 
lm2:1731537:1731576 [0] NCCL INFO 0 
lm2:1731537:1731576 [0] NCCL INFO 0 
lm2:1731537:1731576 [0] NCCL INFO 0 
lm2:1731537:1731576 [0] NCCL INFO 0 
lm2:1731537:1731576 [0] NCCL INFO 0 
lm2:1731537:1731576 [0] NCCL INFO 0 
lm2:1731537:1731576 [0] NCCL INFO 0 
lm2:1731537:1731576 [0] NCCL INFO 0 
lm2:1731537:1731576 [0] NCCL INFO 0 
lm2:1731537:1731576 [0] NCCL INFO 0 
lm2:1731537:1731576 [0] NCCL INFO 0 
lm2:1731537:1731576 [0] NCCL INFO 0 
lm2:1731537:1731576 [0] NCCL INFO 0 
lm2:1731537:1731576 [0] NCCL INFO 0 
lm2:1731537:1731576 [0] NCCL INFO 0 
lm2:1731537:1731576 [0] NCCL INFO 0 
lm2:1731537:1731576 [0] NCCL INFO 0 
lm2:1731537:1731576 [0] NCCL INFO 0 
lm2:1731537:1731576 [0] NCCL INFO 0 
lm2:1731537:1731576 [0] NCCL INFO 0 
lm2:1731537:1731576 [0] NCCL INFO 0 
lm2:1731537:1731576 [0] NCCL INFO 0 
lm2:1731537:1731576 [0] NCCL INFO 0 
lm2:1731537:1731576 [0] NCCL INFO 0 
lm2:1731537:1731576 [0] NCCL INFO 0 
lm2:1731537:1731576 [0] NCCL INFO 0 
lm2:1731537:1731576 [0] NCCL INFO 0 
lm2:1731537:1731576 [0] NCCL INFO 0 
lm2:1731537:1731576 [0] NCCL INFO 0 
lm2:1731537:1731576 [0] NCCL INFO 0 
lm2:1731537:1731576 [0] NCCL INFO 0 
lm2:1731537:1731576 [0] NCCL INFO 0 
lm2:1731537:1731576 [0] NCCL INFO 0 
lm2:1731537:1731576 [0] NCCL INFO 0 
lm2:1731537:1731576 [0] NCCL INFO 0 
lm2:1731537:1731576 [0] NCCL INFO 0 
lm2:1731537:1731576 [0] NCCL INFO 0 
lm2:1731537:1731576 [0] NCCL INFO 0 
lm2:1731537:1731576 [0] NCCL INFO 0 
lm2:1731537:1731576 [0] NCCL INFO 0 
lm2:1731537:1731576 [0] NCCL INFO 0 
lm2:1731537:1731576 [0] NCCL INFO 0 
lm2:1731537:1731576 [0] NCCL INFO 0 
lm2:1731537:1731576 [0] NCCL INFO 0 
lm2:1731537:1731576 [0] NCCL INFO 0 
lm2:1731537:1731576 [0] NCCL INFO 0 
lm2:1731537:1731576 [0] NCCL INFO 0 
lm2:1731537:1731576 [0] NCCL INFO 0 
lm2:1731537:1731576 [0] NCCL INFO 0 
lm2:1731537:1731576 [0] NCCL INFO 0 
lm2:1731537:1731576 [0] NCCL INFO 0 
lm2:1731537:1731576 [0] NCCL INFO 0 
lm2:1731537:1731576 [0] NCCL INFO 0 
lm2:1731537:1731576 [0] NCCL INFO 0 
lm2:1731537:1731576 [0] NCCL INFO 0 
lm2:1731537:1731576 [0] NCCL INFO 0 
lm2:1731537:1731576 [0] NCCL INFO 0 
lm2:1731537:1731576 [0] NCCL INFO 0 
lm2:1731537:1731576 [0] NCCL INFO 0 
lm2:1731537:1731576 [0] NCCL INFO 0 
lm2:1731537:1731576 [0] NCCL INFO 0 
lm2:1731537:1731576 [0] NCCL INFO 0 
lm2:1731537:1731576 [0] NCCL INFO 0 
lm2:1731537:1731576 [0] NCCL INFO 0 
lm2:1731537:1731576 [0] NCCL INFO 0 
lm2:1731537:1731576 [0] NCCL INFO 

=============speed:12.000000,netSpeed1:0.000000,netSpeed2:0.000000================
=============speed:10.000000,netSpeed1:0.000000,netSpeed2:0.000000================
=============speed:10.000000,netSpeed1:0.000000,netSpeed2:0.000000================
=============speed:12.000000,netSpeed1:0.000000,netSpeed2:0.000000================
=============speed:10.000000,netSpeed1:0.000000,netSpeed2:0.000000================
=============speed:10.000000,netSpeed1:0.000000,netSpeed2:0.000000================
=============speed:10.000000,netSpeed1:0.000000,netSpeed2:0.000000================
=============speed:10.000000,netSpeed1:0.000000,netSpeed2:0.000000================
=============speed:12.000000,netSpeed1:0.000000,netSpeed2:0.000000================
=============speed:10.000000,netSpeed1:0.000000,netSpeed2:0.000000================
=============speed:10.000000,netSpeed1:0.000000,netSpeed2:0.000000================
=============speed:12.000000,netSpeed1:0.000000,netSpeed2:0.000000================
=============speed:12.000000,netSpeed1:0.000000,netSpeed2:0.000000================
=============speed:10.000000,netSpeed1:0.000000,netSpeed2:0.000000================
=============speed:10.000000,netSpeed1:0.000000,netSpeed2:0.000000================
=============speed:12.000000,netSpeed1:0.000000,netSpeed2:0.000000================
=============speed:10.000000,netSpeed1:0.000000,netSpeed2:0.000000================
=============speed:10.000000,netSpeed1:0.000000,netSpeed2:0.000000================
=============speed:10.000000,netSpeed1:0.000000,netSpeed2:0.000000================
=============speed:10.000000,netSpeed1:0.000000,netSpeed2:0.000000================
=============speed:12.000000,netSpeed1:0.000000,netSpeed2:0.000000================
=============speed:10.000000,netSpeed1:0.000000,netSpeed2:0.000000================
=============speed:10.000000,netSpeed1:0.000000,netSpeed2:0.000000================
=============speed:12.000000,netSpeed1:0.000000,netSpeed2:0.000000================
=============speed:12.000000,netSpeed1:0.000000,netSpeed2:0.000000================
=============speed:10.000000,netSpeed1:0.000000,netSpeed2:0.000000================
=============speed:10.000000,netSpeed1:0.000000,netSpeed2:0.000000================
=============speed:12.000000,netSpeed1:0.000000,netSpeed2:0.000000================
=============speed:10.000000,netSpeed1:0.000000,netSpeed2:0.000000================
=============speed:10.000000,netSpeed1:0.000000,netSpeed2:0.000000================
=============speed:10.000000,netSpeed1:0.000000,netSpeed2:0.000000================
=============speed:10.000000,netSpeed1:0.000000,netSpeed2:0.000000================
=============speed:12.000000,netSpeed1:0.000000,netSpeed2:0.000000================
=============speed:10.000000,netSpeed1:0.000000,netSpeed2:0.000000================
=============speed:10.000000,netSpeed1:0.000000,netSpeed2:0.000000================
=============speed:12.000000,netSpeed1:0.000000,netSpeed2:0.000000================
=============speed:12.000000,netSpeed1:0.000000,netSpeed2:0.000000================
=============speed:10.000000,netSpeed1:0.000000,netSpeed2:0.000000================
=============speed:10.000000,netSpeed1:0.000000,netSpeed2:0.000000================
=============speed:12.000000,netSpeed1:0.000000,netSpeed2:0.000000================
=============speed:10.000000,netSpeed1:0.000000,netSpeed2:0.000000================
=============speed:10.000000,netSpeed1:0.000000,netSpeed2:0.000000================
=============speed:10.000000,netSpeed1:0.000000,netSpeed2:0.000000================
=============speed:10.000000,netSpeed1:0.000000,netSpeed2:0.000000================
=============speed:12.000000,netSpeed1:0.000000,netSpeed2:0.000000================
=============speed:10.000000,netSpeed1:0.000000,netSpeed2:0.000000================
=============speed:10.000000,netSpeed1:0.000000,netSpeed2:0.000000================
=============speed:12.000000,netSpeed1:0.000000,netSpeed2:0.000000================
lm2:1731539:1731577 [2] NCCL INFO 
=== Node Type: GPU (Count: 4) ===

lm2:1731539:1731577 [2] NCCL INFO Node Type: GPU, ID: 0000:3b:00.0

lm2:1731539:1731577 [2] NCCL INFO   -> Dest Type: GPU

lm2:1731539:1731577 [2] NCCL INFO      Total Paths: 0, BW: 5000.00 GB/s, Type: PATH_LOC

lm2:1731539:1731577 [2] NCCL INFO   -> Dest Type: CPU

lm2:1731539:1731577 [2] NCCL INFO      Total Paths: 1, BW: 12.00 GB/s, Type: PATH_PHB

lm2:1731539:1731577 [2] NCCL INFO      Hop 1: Type=PATH_PIX, BW=12.00 GB/s, RemNodeType=CPU, id 0000:00:00.0 

lm2:1731539:1731577 [2] NCCL INFO Node Type: GPU, ID: 0000:5e:00.0

lm2:1731539:1731577 [2] NCCL INFO   -> Dest Type: GPU

lm2:1731539:1731577 [2] NCCL INFO      Total Paths: 2, BW: 12.00 GB/s, Type: PATH_PHB

lm2:1731539:1731577 [2] NCCL INFO      Hop 1: Type=PATH_PIX, BW=12.00 GB/s, RemNodeType=CPU, id 0000:00:00.0 

lm2:1731539:1731577 [2] NCCL INFO      Hop 2: Type=PATH_PIX, BW=12.00 GB/s, RemNodeType=GPU, id 0000:3b:00.0 

lm2:1731539:1731577 [2] NCCL INFO   -> Dest Type: CPU

lm2:1731539:1731577 [2] NCCL INFO      Total Paths: 1, BW: 12.00 GB/s, Type: PATH_PHB

lm2:1731539:1731577 [2] NCCL INFO      Hop 1: Type=PATH_PIX, BW=12.00 GB/s, RemNodeType=CPU, id 0000:00:00.0 

lm2:1731539:1731577 [2] NCCL INFO Node Type: GPU, ID: 0000:b1:00.0

lm2:1731539:1731577 [2] NCCL INFO   -> Dest Type: GPU

lm2:1731539:1731577 [2] NCCL INFO      Total Paths: 3, BW: 10.00 GB/s, Type: PATH_SYS

lm2:1731539:1731577 [2] NCCL INFO      Hop 1: Type=PATH_PIX, BW=12.00 GB/s, RemNodeType=CPU, id 0000:00:00.1 

lm2:1731539:1731577 [2] NCCL INFO      Hop 2: Type=PATH_SYS, BW=10.00 GB/s, RemNodeType=CPU, id 0000:00:00.0 

lm2:1731539:1731577 [2] NCCL INFO      Hop 3: Type=PATH_PIX, BW=12.00 GB/s, RemNodeType=GPU, id 0000:3b:00.0 

lm2:1731539:1731577 [2] NCCL INFO   -> Dest Type: CPU

lm2:1731539:1731577 [2] NCCL INFO      Total Paths: 2, BW: 10.00 GB/s, Type: PATH_SYS

lm2:1731539:1731577 [2] NCCL INFO      Hop 1: Type=PATH_PIX, BW=12.00 GB/s, RemNodeType=CPU, id 0000:00:00.1 

lm2:1731539:1731577 [2] NCCL INFO      Hop 2: Type=PATH_SYS, BW=10.00 GB/s, RemNodeType=CPU, id 0000:00:00.0 

lm2:1731539:1731577 [2] NCCL INFO Node Type: GPU, ID: 0000:d9:00.0

lm2:1731539:1731577 [2] NCCL INFO   -> Dest Type: GPU

lm2:1731539:1731577 [2] NCCL INFO      Total Paths: 3, BW: 10.00 GB/s, Type: PATH_SYS

lm2:1731539:1731577 [2] NCCL INFO      Hop 1: Type=PATH_PIX, BW=12.00 GB/s, RemNodeType=CPU, id 0000:00:00.1 

lm2:1731539:1731577 [2] NCCL INFO      Hop 2: Type=PATH_SYS, BW=10.00 GB/s, RemNodeType=CPU, id 0000:00:00.0 

lm2:1731539:1731577 [2] NCCL INFO      Hop 3: Type=PATH_PIX, BW=12.00 GB/s, RemNodeType=GPU, id 0000:3b:00.0 

lm2:1731539:1731577 [2] NCCL INFO   -> Dest Type: CPU

lm2:1731539:1731577 [2] NCCL INFO      Total Paths: 2, BW: 10.00 GB/s, Type: PATH_SYS

lm2:1731539:1731577 [2] NCCL INFO      Hop 1: Type=PATH_PIX, BW=12.00 GB/s, RemNodeType=CPU, id 0000:00:00.1 

lm2:1731539:1731577 [2] NCCL INFO      Hop 2: Type=PATH_SYS, BW=10.00 GB/s, RemNodeType=CPU, id 0000:00:00.0 

lm2:1731539:1731577 [2] NCCL INFO 
=== Node Type: PCI (Count: 0) ===

lm2:1731539:1731577 [2] NCCL INFO 
=== Node Type: NVS (Count: 0) ===

lm2:1731539:1731577 [2] NCCL INFO 
=== Node Type: CPU (Count: 2) ===

lm2:1731539:1731577 [2] NCCL INFO Node Type: CPU, ID: 0000:00:00.0

lm2:1731539:1731577 [2] NCCL INFO   -> Dest Type: GPU

lm2:1731539:1731577 [2] NCCL INFO      Total Paths: 1, BW: 12.00 GB/s, Type: PATH_PHB

lm2:1731539:1731577 [2] NCCL INFO      Hop 1: Type=PATH_PIX, BW=12.00 GB/s, RemNodeType=GPU, id 0000:3b:00.0 

lm2:1731539:1731577 [2] NCCL INFO   -> Dest Type: CPU

lm2:1731539:1731577 [2] NCCL INFO      Total Paths: 0, BW: 5000.00 GB/s, Type: PATH_LOC

lm2:1731539:1731577 [2] NCCL INFO Node Type: CPU, ID: 0000:00:00.1

lm2:1731539:1731577 [2] NCCL INFO   -> Dest Type: GPU

lm2:1731539:1731577 [2] NCCL INFO      Total Paths: 2, BW: 10.00 GB/s, Type: PATH_SYS

lm2:1731539:1731577 [2] NCCL INFO      Hop 1: Type=PATH_SYS, BW=10.00 GB/s, RemNodeType=CPU, id 0000:00:00.0 

lm2:1731539:1731577 [2] NCCL INFO      Hop 2: Type=PATH_PIX, BW=12.00 GB/s, RemNodeType=GPU, id 0000:3b:00.0 

lm2:1731539:1731577 [2] NCCL INFO   -> Dest Type: CPU

lm2:1731539:1731577 [2] NCCL INFO      Total Paths: 1, BW: 10.00 GB/s, Type: PATH_SYS

lm2:1731539:1731577 [2] NCCL INFO      Hop 1: Type=PATH_SYS, BW=10.00 GB/s, RemNodeType=CPU, id 0000:00:00.0 

lm2:1731539:1731577 [2] NCCL INFO 
=== Node Type: NIC (Count: 2) ===

lm2:1731539:1731577 [2] NCCL INFO Node Type: NIC, ID: 0000:18:00.0

lm2:1731539:1731577 [2] NCCL INFO   -> Dest Type: GPU

lm2:1731539:1731577 [2] NCCL INFO      Total Paths: 2, BW: 3.00 GB/s, Type: PATH_PHB

lm2:1731539:1731577 [2] NCCL INFO      Hop 1: Type=PATH_PIX, BW=3.00 GB/s, RemNodeType=CPU, id 0000:00:00.0 

lm2:1731539:1731577 [2] NCCL INFO      Hop 2: Type=PATH_PIX, BW=12.00 GB/s, RemNodeType=GPU, id 0000:3b:00.0 

lm2:1731539:1731577 [2] NCCL INFO   -> Dest Type: CPU

lm2:1731539:1731577 [2] NCCL INFO      Total Paths: 1, BW: 3.00 GB/s, Type: PATH_PHB

lm2:1731539:1731577 [2] NCCL INFO      Hop 1: Type=PATH_PIX, BW=3.00 GB/s, RemNodeType=CPU, id 0000:00:00.0 

lm2:1731539:1731577 [2] NCCL INFO Node Type: NIC, ID: 0000:00:00.0

lm2:1731539:1731577 [2] NCCL INFO   -> Dest Type: GPU

lm2:1731539:1731577 [2] NCCL INFO      Total Paths: 2, BW: 12.00 GB/s, Type: PATH_PHB

lm2:1731539:1731577 [2] NCCL INFO      Hop 1: Type=PATH_PIX, BW=5000.00 GB/s, RemNodeType=CPU, id 0000:00:00.0 

lm2:1731539:1731577 [2] NCCL INFO      Hop 2: Type=PATH_PIX, BW=12.00 GB/s, RemNodeType=GPU, id 0000:3b:00.0 

lm2:1731539:1731577 [2] NCCL INFO   -> Dest Type: CPU

lm2:1731539:1731577 [2] NCCL INFO      Total Paths: 1, BW: 5000.00 GB/s, Type: PATH_PHB

lm2:1731539:1731577 [2] NCCL INFO      Hop 1: Type=PATH_PIX, BW=5000.00 GB/s, RemNodeType=CPU, id 0000:00:00.0 

lm2:1731539:1731577 [2] NCCL INFO 
=== Node Type: NET (Count: 0) ===

lm2:1731539:1731577 [2] NCCL INFO Intra-node paths (nChannels=1):

lm2:1731539:1731577 [2] NCCL INFO   Channel 0: 
lm2:1731539:1731577 [2] NCCL INFO 0 
lm2:1731539:1731577 [2] NCCL INFO 1 
lm2:1731539:1731577 [2] NCCL INFO 2 
lm2:1731539:1731577 [2] NCCL INFO 3 
lm2:1731539:1731577 [2] NCCL INFO 0 
lm2:1731539:1731577 [2] NCCL INFO 0 
lm2:1731539:1731577 [2] NCCL INFO 0 
lm2:1731539:1731577 [2] NCCL INFO 0 
lm2:1731539:1731577 [2] NCCL INFO 0 
lm2:1731539:1731577 [2] NCCL INFO 0 
lm2:1731539:1731577 [2] NCCL INFO 0 
lm2:1731539:1731577 [2] NCCL INFO 0 
lm2:1731539:1731577 [2] NCCL INFO 0 
lm2:1731539:1731577 [2] NCCL INFO 0 
lm2:1731539:1731577 [2] NCCL INFO 0 
lm2:1731539:1731577 [2] NCCL INFO 0 
lm2:1731539:1731577 [2] NCCL INFO 0 
lm2:1731539:1731577 [2] NCCL INFO 0 
lm2:1731539:1731577 [2] NCCL INFO 0 
lm2:1731539:1731577 [2] NCCL INFO 0 
lm2:1731539:1731577 [2] NCCL INFO 0 
lm2:1731539:1731577 [2] NCCL INFO 0 
lm2:1731539:1731577 [2] NCCL INFO 0 
lm2:1731539:1731577 [2] NCCL INFO 0 
lm2:1731539:1731577 [2] NCCL INFO 0 
lm2:1731539:1731577 [2] NCCL INFO 0 
lm2:1731539:1731577 [2] NCCL INFO 0 
lm2:1731539:1731577 [2] NCCL INFO 0 
lm2:1731539:1731577 [2] NCCL INFO 0 
lm2:1731539:1731577 [2] NCCL INFO 0 
lm2:1731539:1731577 [2] NCCL INFO 0 
lm2:1731539:1731577 [2] NCCL INFO 0 
lm2:1731539:1731577 [2] NCCL INFO 0 
lm2:1731539:1731577 [2] NCCL INFO 0 
lm2:1731539:1731577 [2] NCCL INFO 0 
lm2:1731539:1731577 [2] NCCL INFO 0 
lm2:1731539:1731577 [2] NCCL INFO 0 
lm2:1731539:1731577 [2] NCCL INFO 0 
lm2:1731539:1731577 [2] NCCL INFO 0 
lm2:1731539:1731577 [2] NCCL INFO 0 
lm2:1731539:1731577 [2] NCCL INFO 0 
lm2:1731539:1731577 [2] NCCL INFO 0 
lm2:1731539:1731577 [2] NCCL INFO 0 
lm2:1731539:1731577 [2] NCCL INFO 0 
lm2:1731539:1731577 [2] NCCL INFO 0 
lm2:1731539:1731577 [2] NCCL INFO 0 
lm2:1731539:1731577 [2] NCCL INFO 0 
lm2:1731539:1731577 [2] NCCL INFO 0 
lm2:1731539:1731577 [2] NCCL INFO 0 
lm2:1731539:1731577 [2] NCCL INFO 0 
lm2:1731539:1731577 [2] NCCL INFO 0 
lm2:1731539:1731577 [2] NCCL INFO 0 
lm2:1731539:1731577 [2] NCCL INFO 0 
lm2:1731539:1731577 [2] NCCL INFO 0 
lm2:1731539:1731577 [2] NCCL INFO 0 
lm2:1731539:1731577 [2] NCCL INFO 0 
lm2:1731539:1731577 [2] NCCL INFO 0 
lm2:1731539:1731577 [2] NCCL INFO 0 
lm2:1731539:1731577 [2] NCCL INFO 0 
lm2:1731539:1731577 [2] NCCL INFO 0 
lm2:1731539:1731577 [2] NCCL INFO 0 
lm2:1731539:1731577 [2] NCCL INFO 0 
lm2:1731539:1731577 [2] NCCL INFO 0 
lm2:1731539:1731577 [2] NCCL INFO 0 
lm2:1731539:1731577 [2] NCCL INFO 0 
lm2:1731539:1731577 [2] NCCL INFO 0 
lm2:1731539:1731577 [2] NCCL INFO 0 
lm2:1731539:1731577 [2] NCCL INFO 0 
lm2:1731539:1731577 [2] NCCL INFO 0 
lm2:1731539:1731577 [2] NCCL INFO 0 
lm2:1731539:1731577 [2] NCCL INFO 0 
lm2:1731539:1731577 [2] NCCL INFO 0 
lm2:1731539:1731577 [2] NCCL INFO 0 
lm2:1731539:1731577 [2] NCCL INFO 0 
lm2:1731539:1731577 [2] NCCL INFO 0 
lm2:1731539:1731577 [2] NCCL INFO 0 
lm2:1731539:1731577 [2] NCCL INFO 0 
lm2:1731539:1731577 [2] NCCL INFO 0 
lm2:1731539:1731577 [2] NCCL INFO 0 
lm2:1731539:1731577 [2] NCCL INFO 0 
lm2:1731539:1731577 [2] NCCL INFO 0 
lm2:1731539:1731577 [2] NCCL INFO 0 
lm2:1731539:1731577 [2] NCCL INFO 0 
lm2:1731539:1731577 [2] NCCL INFO 0 
lm2:1731539:1731577 [2] NCCL INFO 0 
lm2:1731539:1731577 [2] NCCL INFO 0 
lm2:1731539:1731577 [2] NCCL INFO 0 
lm2:1731539:1731577 [2] NCCL INFO 0 
lm2:1731539:1731577 [2] NCCL INFO 0 
lm2:1731539:1731577 [2] NCCL INFO 0 
lm2:1731539:1731577 [2] NCCL INFO 0 
lm2:1731539:1731577 [2] NCCL INFO 0 
lm2:1731539:1731577 [2] NCCL INFO 0 
lm2:1731539:1731577 [2] NCCL INFO 0 
lm2:1731539:1731577 [2] NCCL INFO 0 
lm2:1731539:1731577 [2] NCCL INFO 0 
lm2:1731539:1731577 [2] NCCL INFO 0 
lm2:1731539:1731577 [2] NCCL INFO 0 
lm2:1731539:1731577 [2] NCCL INFO 0 
lm2:1731539:1731577 [2] NCCL INFO 0 
lm2:1731539:1731577 [2] NCCL INFO 0 
lm2:1731539:1731577 [2] NCCL INFO 0 
lm2:1731539:1731577 [2] NCCL INFO 0 
lm2:1731539:1731577 [2] NCCL INFO 0 
lm2:1731539:1731577 [2] NCCL INFO 0 
lm2:1731539:1731577 [2] NCCL INFO 0 
lm2:1731539:1731577 [2] NCCL INFO 0 
lm2:1731539:1731577 [2] NCCL INFO 0 
lm2:1731539:1731577 [2] NCCL INFO 0 
lm2:1731539:1731577 [2] NCCL INFO 0 
lm2:1731539:1731577 [2] NCCL INFO 0 
lm2:1731539:1731577 [2] NCCL INFO 0 
lm2:1731539:1731577 [2] NCCL INFO 0 
lm2:1731539:1731577 [2] NCCL INFO 0 
lm2:1731539:1731577 [2] NCCL INFO 0 
lm2:1731539:1731577 [2] NCCL INFO 0 
lm2:1731539:1731577 [2] NCCL INFO 0 
lm2:1731539:1731577 [2] NCCL INFO 0 
lm2:1731539:1731577 [2] NCCL INFO 0 
lm2:1731539:1731577 [2] NCCL INFO 0 
lm2:1731539:1731577 [2] NCCL INFO 0 
lm2:1731539:1731577 [2] NCCL INFO 0 
lm2:1731539:1731577 [2] NCCL INFO 0 
lm2:1731539:1731577 [2] NCCL INFO 0 
lm2:1731539:1731577 [2] NCCL INFO 0 
lm2:1731539:1731577 [2] NCCL INFO 0 
lm2:1731539:1731577 [2] NCCL INFO 0 
lm2:1731539:1731577 [2] NCCL INFO 0 
lm2:1731539:1731577 [2] NCCL INFO 0 
lm2:1731539:1731577 [2] NCCL INFO 0 
lm2:1731539:1731577 [2] NCCL INFO 0 
lm2:1731539:1731577 [2] NCCL INFO 0 
lm2:1731539:1731577 [2] NCCL INFO 0 
lm2:1731539:1731577 [2] NCCL INFO 0 
lm2:1731539:1731577 [2] NCCL INFO 0 
lm2:1731539:1731577 [2] NCCL INFO 0 
lm2:1731539:1731577 [2] NCCL INFO 0 
lm2:1731539:1731577 [2] NCCL INFO 0 
lm2:1731539:1731577 [2] NCCL INFO 0 
lm2:1731539:1731577 [2] NCCL INFO 0 
lm2:1731539:1731577 [2] NCCL INFO 0 
lm2:1731539:1731577 [2] NCCL INFO 0 
lm2:1731539:1731577 [2] NCCL INFO 0 
lm2:1731539:1731577 [2] NCCL INFO 0 
lm2:1731539:1731577 [2] NCCL INFO 0 
lm2:1731539:1731577 [2] NCCL INFO 0 
lm2:1731539:1731577 [2] NCCL INFO 0 
lm2:1731539:1731577 [2] NCCL INFO 0 
lm2:1731539:1731577 [2] NCCL INFO 0 
lm2:1731539:1731577 [2] NCCL INFO 0 
lm2:1731539:1731577 [2] NCCL INFO 0 
lm2:1731539:1731577 [2] NCCL INFO 0 
lm2:1731539:1731577 [2] NCCL INFO 0 
lm2:1731539:1731577 [2] NCCL INFO 0 
lm2:1731539:1731577 [2] NCCL INFO 0 
lm2:1731539:1731577 [2] NCCL INFO 0 
lm2:1731539:1731577 [2] NCCL INFO 0 
lm2:1731539:1731577 [2] NCCL INFO 0 
lm2:1731539:1731577 [2] NCCL INFO 0 
lm2:1731539:1731577 [2] NCCL INFO 0 
lm2:1731539:1731577 [2] NCCL INFO 0 
lm2:1731539:1731577 [2] NCCL INFO 0 
lm2:1731539:1731577 [2] NCCL INFO 0 
lm2:1731539:1731577 [2] NCCL INFO 0 
lm2:1731539:1731577 [2] NCCL INFO 0 
lm2:1731539:1731577 [2] NCCL INFO 0 
lm2:1731539:1731577 [2] NCCL INFO 0 
lm2:1731539:1731577 [2] NCCL INFO 0 
lm2:1731539:1731577 [2] NCCL INFO 0 
lm2:1731539:1731577 [2] NCCL INFO 0 
lm2:1731539:1731577 [2] NCCL INFO 0 
lm2:1731539:1731577 [2] NCCL INFO 0 
lm2:1731539:1731577 [2] NCCL INFO 0 
lm2:1731539:1731577 [2] NCCL INFO 0 
lm2:1731539:1731577 [2] NCCL INFO 0 
lm2:1731539:1731577 [2] NCCL INFO 0 
lm2:1731539:1731577 [2] NCCL INFO 0 
lm2:1731539:1731577 [2] NCCL INFO 0 
lm2:1731539:1731577 [2] NCCL INFO 0 
lm2:1731539:1731577 [2] NCCL INFO 0 
lm2:1731539:1731577 [2] NCCL INFO 0 
lm2:1731539:1731577 [2] NCCL INFO 0 
lm2:1731539:1731577 [2] NCCL INFO 0 
lm2:1731539:1731577 [2] NCCL INFO 0 
lm2:1731539:1731577 [2] NCCL INFO 0 
lm2:1731539:1731577 [2] NCCL INFO 0 
lm2:1731539:1731577 [2] NCCL INFO 0 
lm2:1731539:1731577 [2] NCCL INFO 0 
lm2:1731539:1731577 [2] NCCL INFO 0 
lm2:1731539:1731577 [2] NCCL INFO 0 
lm2:1731539:1731577 [2] NCCL INFO 0 
lm2:1731539:1731577 [2] NCCL INFO 0 
lm2:1731539:1731577 [2] NCCL INFO 0 
lm2:1731539:1731577 [2] NCCL INFO 0 
lm2:1731539:1731577 [2] NCCL INFO 0 
lm2:1731539:1731577 [2] NCCL INFO 0 
lm2:1731539:1731577 [2] NCCL INFO 0 
lm2:1731539:1731577 [2] NCCL INFO 0 
lm2:1731539:1731577 [2] NCCL INFO 0 
lm2:1731539:1731577 [2] NCCL INFO 0 
lm2:1731539:1731577 [2] NCCL INFO 0 
lm2:1731539:1731577 [2] NCCL INFO 0 
lm2:1731539:1731577 [2] NCCL INFO 0 
lm2:1731539:1731577 [2] NCCL INFO 0 
lm2:1731539:1731577 [2] NCCL INFO 0 
lm2:1731539:1731577 [2] NCCL INFO 0 
lm2:1731539:1731577 [2] NCCL INFO 0 
lm2:1731539:1731577 [2] NCCL INFO 0 
lm2:1731539:1731577 [2] NCCL INFO 0 
lm2:1731539:1731577 [2] NCCL INFO 0 
lm2:1731539:1731577 [2] NCCL INFO 0 
lm2:1731539:1731577 [2] NCCL INFO 0 
lm2:1731539:1731577 [2] NCCL INFO 0 
lm2:1731539:1731577 [2] NCCL INFO 0 
lm2:1731539:1731577 [2] NCCL INFO 0 
lm2:1731539:1731577 [2] NCCL INFO 0 
lm2:1731539:1731577 [2] NCCL INFO 0 
lm2:1731539:1731577 [2] NCCL INFO 0 
lm2:1731539:1731577 [2] NCCL INFO 0 
lm2:1731539:1731577 [2] NCCL INFO 0 
lm2:1731539:1731577 [2] NCCL INFO 0 
lm2:1731539:1731577 [2] NCCL INFO 0 
lm2:1731539:1731577 [2] NCCL INFO 0 
lm2:1731539:1731577 [2] NCCL INFO 0 
lm2:1731539:1731577 [2] NCCL INFO 0 
lm2:1731539:1731577 [2] NCCL INFO 0 
lm2:1731539:1731577 [2] NCCL INFO 0 
lm2:1731539:1731577 [2] NCCL INFO 0 
lm2:1731539:1731577 [2] NCCL INFO 0 
lm2:1731539:1731577 [2] NCCL INFO 0 
lm2:1731539:1731577 [2] NCCL INFO 0 
lm2:1731539:1731577 [2] NCCL INFO 0 
lm2:1731539:1731577 [2] NCCL INFO 0 
lm2:1731539:1731577 [2] NCCL INFO 0 
lm2:1731539:1731577 [2] NCCL INFO 0 
lm2:1731539:1731577 [2] NCCL INFO 0 
lm2:1731539:1731577 [2] NCCL INFO 0 
lm2:1731539:1731577 [2] NCCL INFO 0 
lm2:1731539:1731577 [2] NCCL INFO 0 
lm2:1731539:1731577 [2] NCCL INFO 0 
lm2:1731539:1731577 [2] NCCL INFO 0 
lm2:1731539:1731577 [2] NCCL INFO 0 
lm2:1731539:1731577 [2] NCCL INFO 0 
lm2:1731539:1731577 [2] NCCL INFO 0 
lm2:1731539:1731577 [2] NCCL INFO 0 
lm2:1731539:1731577 [2] NCCL INFO 0 
lm2:1731539:1731577 [2] NCCL INFO 0 
lm2:1731539:1731577 [2] NCCL INFO 0 
lm2:1731539:1731577 [2] NCCL INFO 0 
lm2:1731539:1731577 [2] NCCL INFO 0 
lm2:1731539:1731577 [2] NCCL INFO 0 
lm2:1731539:1731577 [2] NCCL INFO 0 
lm2:1731539:1731577 [2] NCCL INFO 0 
lm2:1731539:1731577 [2] NCCL INFO 0 
lm2:1731539:1731577 [2] NCCL INFO 0 
lm2:1731539:1731577 [2] NCCL INFO 0 
lm2:1731539:1731577 [2] NCCL INFO 

lm2:1731538:1731582 [1] NCCL INFO 
=== Node Type: GPU (Count: 4) ===

lm2:1731538:1731582 [1] NCCL INFO Node Type: GPU, ID: 0000:3b:00.0

lm2:1731538:1731582 [1] NCCL INFO   -> Dest Type: GPU

lm2:1731538:1731582 [1] NCCL INFO      Total Paths: 0, BW: 5000.00 GB/s, Type: PATH_LOC

lm2:1731538:1731582 [1] NCCL INFO   -> Dest Type: CPU

lm2:1731538:1731582 [1] NCCL INFO      Total Paths: 1, BW: 12.00 GB/s, Type: PATH_PHB

lm2:1731538:1731582 [1] NCCL INFO      Hop 1: Type=PATH_PIX, BW=12.00 GB/s, RemNodeType=CPU, id 0000:00:00.0 

lm2:1731538:1731582 [1] NCCL INFO Node Type: GPU, ID: 0000:5e:00.0

lm2:1731538:1731582 [1] NCCL INFO   -> Dest Type: GPU

lm2:1731538:1731582 [1] NCCL INFO      Total Paths: 2, BW: 12.00 GB/s, Type: PATH_PHB

lm2:1731538:1731582 [1] NCCL INFO      Hop 1: Type=PATH_PIX, BW=12.00 GB/s, RemNodeType=CPU, id 0000:00:00.0 

lm2:1731538:1731582 [1] NCCL INFO      Hop 2: Type=PATH_PIX, BW=12.00 GB/s, RemNodeType=GPU, id 0000:3b:00.0 

lm2:1731538:1731582 [1] NCCL INFO   -> Dest Type: CPU

lm2:1731538:1731582 [1] NCCL INFO      Total Paths: 1, BW: 12.00 GB/s, Type: PATH_PHB

lm2:1731538:1731582 [1] NCCL INFO      Hop 1: Type=PATH_PIX, BW=12.00 GB/s, RemNodeType=CPU, id 0000:00:00.0 

lm2:1731538:1731582 [1] NCCL INFO Node Type: GPU, ID: 0000:b1:00.0

lm2:1731538:1731582 [1] NCCL INFO   -> Dest Type: GPU

lm2:1731538:1731582 [1] NCCL INFO      Total Paths: 3, BW: 10.00 GB/s, Type: PATH_SYS

lm2:1731538:1731582 [1] NCCL INFO      Hop 1: Type=PATH_PIX, BW=12.00 GB/s, RemNodeType=CPU, id 0000:00:00.1 

lm2:1731538:1731582 [1] NCCL INFO      Hop 2: Type=PATH_SYS, BW=10.00 GB/s, RemNodeType=CPU, id 0000:00:00.0 

lm2:1731538:1731582 [1] NCCL INFO      Hop 3: Type=PATH_PIX, BW=12.00 GB/s, RemNodeType=GPU, id 0000:3b:00.0 

lm2:1731538:1731582 [1] NCCL INFO   -> Dest Type: CPU

lm2:1731538:1731582 [1] NCCL INFO      Total Paths: 2, BW: 10.00 GB/s, Type: PATH_SYS

lm2:1731538:1731582 [1] NCCL INFO      Hop 1: Type=PATH_PIX, BW=12.00 GB/s, RemNodeType=CPU, id 0000:00:00.1 

lm2:1731538:1731582 [1] NCCL INFO      Hop 2: Type=PATH_SYS, BW=10.00 GB/s, RemNodeType=CPU, id 0000:00:00.0 

lm2:1731538:1731582 [1] NCCL INFO Node Type: GPU, ID: 0000:d9:00.0

lm2:1731538:1731582 [1] NCCL INFO   -> Dest Type: GPU

lm2:1731538:1731582 [1] NCCL INFO      Total Paths: 3, BW: 10.00 GB/s, Type: PATH_SYS

lm2:1731538:1731582 [1] NCCL INFO      Hop 1: Type=PATH_PIX, BW=12.00 GB/s, RemNodeType=CPU, id 0000:00:00.1 

lm2:1731538:1731582 [1] NCCL INFO      Hop 2: Type=PATH_SYS, BW=10.00 GB/s, RemNodeType=CPU, id 0000:00:00.0 

lm2:1731538:1731582 [1] NCCL INFO      Hop 3: Type=PATH_PIX, BW=12.00 GB/s, RemNodeType=GPU, id 0000:3b:00.0 

lm2:1731538:1731582 [1] NCCL INFO   -> Dest Type: CPU

lm2:1731538:1731582 [1] NCCL INFO      Total Paths: 2, BW: 10.00 GB/s, Type: PATH_SYS

lm2:1731538:1731582 [1] NCCL INFO      Hop 1: Type=PATH_PIX, BW=12.00 GB/s, RemNodeType=CPU, id 0000:00:00.1 

lm2:1731538:1731582 [1] NCCL INFO      Hop 2: Type=PATH_SYS, BW=10.00 GB/s, RemNodeType=CPU, id 0000:00:00.0 

lm2:1731538:1731582 [1] NCCL INFO 
=== Node Type: PCI (Count: 0) ===

lm2:1731538:1731582 [1] NCCL INFO 
=== Node Type: NVS (Count: 0) ===

lm2:1731538:1731582 [1] NCCL INFO 
=== Node Type: CPU (Count: 2) ===

lm2:1731538:1731582 [1] NCCL INFO Node Type: CPU, ID: 0000:00:00.0

lm2:1731538:1731582 [1] NCCL INFO   -> Dest Type: GPU

lm2:1731538:1731582 [1] NCCL INFO      Total Paths: 1, BW: 12.00 GB/s, Type: PATH_PHB

lm2:1731538:1731582 [1] NCCL INFO      Hop 1: Type=PATH_PIX, BW=12.00 GB/s, RemNodeType=GPU, id 0000:3b:00.0 

lm2:1731538:1731582 [1] NCCL INFO   -> Dest Type: CPU

lm2:1731538:1731582 [1] NCCL INFO      Total Paths: 0, BW: 5000.00 GB/s, Type: PATH_LOC

lm2:1731538:1731582 [1] NCCL INFO Node Type: CPU, ID: 0000:00:00.1

lm2:1731538:1731582 [1] NCCL INFO   -> Dest Type: GPU

lm2:1731538:1731582 [1] NCCL INFO      Total Paths: 2, BW: 10.00 GB/s, Type: PATH_SYS

lm2:1731538:1731582 [1] NCCL INFO      Hop 1: Type=PATH_SYS, BW=10.00 GB/s, RemNodeType=CPU, id 0000:00:00.0 

lm2:1731538:1731582 [1] NCCL INFO      Hop 2: Type=PATH_PIX, BW=12.00 GB/s, RemNodeType=GPU, id 0000:3b:00.0 

lm2:1731538:1731582 [1] NCCL INFO   -> Dest Type: CPU

lm2:1731538:1731582 [1] NCCL INFO      Total Paths: 1, BW: 10.00 GB/s, Type: PATH_SYS

lm2:1731538:1731582 [1] NCCL INFO      Hop 1: Type=PATH_SYS, BW=10.00 GB/s, RemNodeType=CPU, id 0000:00:00.0 

lm2:1731538:1731582 [1] NCCL INFO 
=== Node Type: NIC (Count: 2) ===

lm2:1731538:1731582 [1] NCCL INFO Node Type: NIC, ID: 0000:18:00.0

lm2:1731538:1731582 [1] NCCL INFO   -> Dest Type: GPU

lm2:1731538:1731582 [1] NCCL INFO      Total Paths: 2, BW: 3.00 GB/s, Type: PATH_PHB

lm2:1731538:1731582 [1] NCCL INFO      Hop 1: Type=PATH_PIX, BW=3.00 GB/s, RemNodeType=CPU, id 0000:00:00.0 

lm2:1731538:1731582 [1] NCCL INFO      Hop 2: Type=PATH_PIX, BW=12.00 GB/s, RemNodeType=GPU, id 0000:3b:00.0 

lm2:1731538:1731582 [1] NCCL INFO   -> Dest Type: CPU

lm2:1731538:1731582 [1] NCCL INFO      Total Paths: 1, BW: 3.00 GB/s, Type: PATH_PHB

lm2:1731538:1731582 [1] NCCL INFO      Hop 1: Type=PATH_PIX, BW=3.00 GB/s, RemNodeType=CPU, id 0000:00:00.0 

lm2:1731538:1731582 [1] NCCL INFO Node Type: NIC, ID: 0000:00:00.0

lm2:1731538:1731582 [1] NCCL INFO   -> Dest Type: GPU

lm2:1731538:1731582 [1] NCCL INFO      Total Paths: 2, BW: 12.00 GB/s, Type: PATH_PHB

lm2:1731538:1731582 [1] NCCL INFO      Hop 1: Type=PATH_PIX, BW=5000.00 GB/s, RemNodeType=CPU, id 0000:00:00.0 

lm2:1731538:1731582 [1] NCCL INFO      Hop 2: Type=PATH_PIX, BW=12.00 GB/s, RemNodeType=GPU, id 0000:3b:00.0 

lm2:1731538:1731582 [1] NCCL INFO   -> Dest Type: CPU

lm2:1731538:1731582 [1] NCCL INFO      Total Paths: 1, BW: 5000.00 GB/s, Type: PATH_PHB

lm2:1731538:1731582 [1] NCCL INFO      Hop 1: Type=PATH_PIX, BW=5000.00 GB/s, RemNodeType=CPU, id 0000:00:00.0 

lm2:1731538:1731582 [1] NCCL INFO 
=== Node Type: NET (Count: 0) ===

lm2:1731538:1731582 [1] NCCL INFO Intra-node paths (nChannels=1):

lm2:1731538:1731582 [1] NCCL INFO   Channel 0: 
lm2:1731538:1731582 [1] NCCL INFO 0 
lm2:1731538:1731582 [1] NCCL INFO 1 
lm2:1731538:1731582 [1] NCCL INFO 2 
lm2:1731538:1731582 [1] NCCL INFO 3 
lm2:1731538:1731582 [1] NCCL INFO 0 
lm2:1731538:1731582 [1] NCCL INFO 0 
lm2:1731538:1731582 [1] NCCL INFO 0 
lm2:1731538:1731582 [1] NCCL INFO 0 
lm2:1731538:1731582 [1] NCCL INFO 0 
lm2:1731538:1731582 [1] NCCL INFO 0 
lm2:1731538:1731582 [1] NCCL INFO 0 
lm2:1731538:1731582 [1] NCCL INFO 0 
lm2:1731538:1731582 [1] NCCL INFO 0 
lm2:1731538:1731582 [1] NCCL INFO 0 
lm2:1731538:1731582 [1] NCCL INFO 0 
lm2:1731538:1731582 [1] NCCL INFO 0 
lm2:1731538:1731582 [1] NCCL INFO 0 
lm2:1731538:1731582 [1] NCCL INFO 0 
lm2:1731538:1731582 [1] NCCL INFO 0 
lm2:1731538:1731582 [1] NCCL INFO 0 
lm2:1731538:1731582 [1] NCCL INFO 0 
lm2:1731538:1731582 [1] NCCL INFO 0 
lm2:1731538:1731582 [1] NCCL INFO 0 
lm2:1731538:1731582 [1] NCCL INFO 0 
lm2:1731538:1731582 [1] NCCL INFO 0 
lm2:1731538:1731582 [1] NCCL INFO 0 
lm2:1731538:1731582 [1] NCCL INFO 0 
lm2:1731538:1731582 [1] NCCL INFO 0 
lm2:1731538:1731582 [1] NCCL INFO 0 
lm2:1731538:1731582 [1] NCCL INFO 0 
lm2:1731538:1731582 [1] NCCL INFO 0 
lm2:1731538:1731582 [1] NCCL INFO 0 
lm2:1731538:1731582 [1] NCCL INFO 0 
lm2:1731538:1731582 [1] NCCL INFO 0 
lm2:1731538:1731582 [1] NCCL INFO 0 
lm2:1731538:1731582 [1] NCCL INFO 0 
lm2:1731538:1731582 [1] NCCL INFO 0 
lm2:1731538:1731582 [1] NCCL INFO 0 
lm2:1731538:1731582 [1] NCCL INFO 0 
lm2:1731538:1731582 [1] NCCL INFO 0 
lm2:1731538:1731582 [1] NCCL INFO 0 
lm2:1731538:1731582 [1] NCCL INFO 0 
lm2:1731538:1731582 [1] NCCL INFO 0 
lm2:1731538:1731582 [1] NCCL INFO 0 
lm2:1731538:1731582 [1] NCCL INFO 0 
lm2:1731538:1731582 [1] NCCL INFO 0 
lm2:1731538:1731582 [1] NCCL INFO 0 
lm2:1731538:1731582 [1] NCCL INFO 0 
lm2:1731538:1731582 [1] NCCL INFO 0 
lm2:1731538:1731582 [1] NCCL INFO 0 
lm2:1731538:1731582 [1] NCCL INFO 0 
lm2:1731538:1731582 [1] NCCL INFO 0 
lm2:1731538:1731582 [1] NCCL INFO 0 
lm2:1731538:1731582 [1] NCCL INFO 0 
lm2:1731538:1731582 [1] NCCL INFO 0 
lm2:1731538:1731582 [1] NCCL INFO 0 
lm2:1731538:1731582 [1] NCCL INFO 0 
lm2:1731538:1731582 [1] NCCL INFO 0 
lm2:1731538:1731582 [1] NCCL INFO 0 
lm2:1731538:1731582 [1] NCCL INFO 0 
lm2:1731538:1731582 [1] NCCL INFO 0 
lm2:1731538:1731582 [1] NCCL INFO 0 
lm2:1731538:1731582 [1] NCCL INFO 0 
lm2:1731538:1731582 [1] NCCL INFO 0 
lm2:1731538:1731582 [1] NCCL INFO 0 
lm2:1731538:1731582 [1] NCCL INFO 0 
lm2:1731538:1731582 [1] NCCL INFO 0 
lm2:1731538:1731582 [1] NCCL INFO 0 
lm2:1731538:1731582 [1] NCCL INFO 0 
lm2:1731538:1731582 [1] NCCL INFO 0 
lm2:1731538:1731582 [1] NCCL INFO 0 
lm2:1731538:1731582 [1] NCCL INFO 0 
lm2:1731538:1731582 [1] NCCL INFO 0 
lm2:1731538:1731582 [1] NCCL INFO 0 
lm2:1731538:1731582 [1] NCCL INFO 0 
lm2:1731538:1731582 [1] NCCL INFO 0 
lm2:1731538:1731582 [1] NCCL INFO 0 
lm2:1731538:1731582 [1] NCCL INFO 0 
lm2:1731538:1731582 [1] NCCL INFO 0 
lm2:1731538:1731582 [1] NCCL INFO 0 
lm2:1731538:1731582 [1] NCCL INFO 0 
lm2:1731538:1731582 [1] NCCL INFO 0 
lm2:1731538:1731582 [1] NCCL INFO 0 
lm2:1731538:1731582 [1] NCCL INFO 0 
lm2:1731538:1731582 [1] NCCL INFO 0 
lm2:1731538:1731582 [1] NCCL INFO 0 
lm2:1731538:1731582 [1] NCCL INFO 0 
lm2:1731538:1731582 [1] NCCL INFO 0 
lm2:1731538:1731582 [1] NCCL INFO 0 
lm2:1731538:1731582 [1] NCCL INFO 0 
lm2:1731538:1731582 [1] NCCL INFO 0 
lm2:1731538:1731582 [1] NCCL INFO 0 
lm2:1731538:1731582 [1] NCCL INFO 0 
lm2:1731538:1731582 [1] NCCL INFO 0 
lm2:1731538:1731582 [1] NCCL INFO 0 
lm2:1731538:1731582 [1] NCCL INFO 0 
lm2:1731538:1731582 [1] NCCL INFO 0 
lm2:1731538:1731582 [1] NCCL INFO 0 
lm2:1731538:1731582 [1] NCCL INFO 0 
lm2:1731538:1731582 [1] NCCL INFO 0 
lm2:1731538:1731582 [1] NCCL INFO 0 
lm2:1731538:1731582 [1] NCCL INFO 0 
lm2:1731538:1731582 [1] NCCL INFO 0 
lm2:1731538:1731582 [1] NCCL INFO 0 
lm2:1731538:1731582 [1] NCCL INFO 0 
lm2:1731538:1731582 [1] NCCL INFO 0 
lm2:1731538:1731582 [1] NCCL INFO 0 
lm2:1731538:1731582 [1] NCCL INFO 0 
lm2:1731538:1731582 [1] NCCL INFO 0 
lm2:1731538:1731582 [1] NCCL INFO 0 
lm2:1731538:1731582 [1] NCCL INFO 0 
lm2:1731538:1731582 [1] NCCL INFO 0 
lm2:1731538:1731582 [1] NCCL INFO 0 
lm2:1731538:1731582 [1] NCCL INFO 0 
lm2:1731538:1731582 [1] NCCL INFO 0 
lm2:1731538:1731582 [1] NCCL INFO 0 
lm2:1731538:1731582 [1] NCCL INFO 0 
lm2:1731538:1731582 [1] NCCL INFO 0 
lm2:1731538:1731582 [1] NCCL INFO 0 
lm2:1731538:1731582 [1] NCCL INFO 0 
lm2:1731538:1731582 [1] NCCL INFO 0 
lm2:1731538:1731582 [1] NCCL INFO 0 
lm2:1731538:1731582 [1] NCCL INFO 0 
lm2:1731538:1731582 [1] NCCL INFO 0 
lm2:1731538:1731582 [1] NCCL INFO 0 
lm2:1731538:1731582 [1] NCCL INFO 0 
lm2:1731538:1731582 [1] NCCL INFO 0 
lm2:1731538:1731582 [1] NCCL INFO 0 
lm2:1731538:1731582 [1] NCCL INFO 0 
lm2:1731538:1731582 [1] NCCL INFO 0 
lm2:1731538:1731582 [1] NCCL INFO 0 
lm2:1731538:1731582 [1] NCCL INFO 0 
lm2:1731538:1731582 [1] NCCL INFO 0 
lm2:1731538:1731582 [1] NCCL INFO 0 
lm2:1731538:1731582 [1] NCCL INFO 0 
lm2:1731538:1731582 [1] NCCL INFO 0 
lm2:1731538:1731582 [1] NCCL INFO 0 
lm2:1731538:1731582 [1] NCCL INFO 0 
lm2:1731538:1731582 [1] NCCL INFO 0 
lm2:1731538:1731582 [1] NCCL INFO 0 
lm2:1731538:1731582 [1] NCCL INFO 0 
lm2:1731538:1731582 [1] NCCL INFO 0 
lm2:1731538:1731582 [1] NCCL INFO 0 
lm2:1731538:1731582 [1] NCCL INFO 0 
lm2:1731538:1731582 [1] NCCL INFO 0 
lm2:1731538:1731582 [1] NCCL INFO 0 
lm2:1731538:1731582 [1] NCCL INFO 0 
lm2:1731538:1731582 [1] NCCL INFO 0 
lm2:1731538:1731582 [1] NCCL INFO 0 
lm2:1731538:1731582 [1] NCCL INFO 0 
lm2:1731538:1731582 [1] NCCL INFO 0 
lm2:1731538:1731582 [1] NCCL INFO 0 
lm2:1731538:1731582 [1] NCCL INFO 0 
lm2:1731538:1731582 [1] NCCL INFO 0 
lm2:1731538:1731582 [1] NCCL INFO 0 
lm2:1731538:1731582 [1] NCCL INFO 0 
lm2:1731538:1731582 [1] NCCL INFO 0 
lm2:1731538:1731582 [1] NCCL INFO 0 
lm2:1731538:1731582 [1] NCCL INFO 0 
lm2:1731538:1731582 [1] NCCL INFO 0 
lm2:1731538:1731582 [1] NCCL INFO 0 
lm2:1731538:1731582 [1] NCCL INFO 0 
lm2:1731538:1731582 [1] NCCL INFO 0 
lm2:1731538:1731582 [1] NCCL INFO 0 
lm2:1731538:1731582 [1] NCCL INFO 0 
lm2:1731538:1731582 [1] NCCL INFO 0 
lm2:1731538:1731582 [1] NCCL INFO 0 
lm2:1731538:1731582 [1] NCCL INFO 0 
lm2:1731538:1731582 [1] NCCL INFO 0 
lm2:1731538:1731582 [1] NCCL INFO 0 
lm2:1731538:1731582 [1] NCCL INFO 0 
lm2:1731538:1731582 [1] NCCL INFO 0 
lm2:1731538:1731582 [1] NCCL INFO 0 
lm2:1731538:1731582 [1] NCCL INFO 0 
lm2:1731538:1731582 [1] NCCL INFO 0 
lm2:1731538:1731582 [1] NCCL INFO 0 
lm2:1731538:1731582 [1] NCCL INFO 0 
lm2:1731538:1731582 [1] NCCL INFO 0 
lm2:1731538:1731582 [1] NCCL INFO 0 
lm2:1731538:1731582 [1] NCCL INFO 0 
lm2:1731538:1731582 [1] NCCL INFO 0 
lm2:1731538:1731582 [1] NCCL INFO 0 
lm2:1731538:1731582 [1] NCCL INFO 0 
lm2:1731538:1731582 [1] NCCL INFO 0 
lm2:1731538:1731582 [1] NCCL INFO 0 
lm2:1731538:1731582 [1] NCCL INFO 0 
lm2:1731538:1731582 [1] NCCL INFO 0 
lm2:1731538:1731582 [1] NCCL INFO 0 
lm2:1731538:1731582 [1] NCCL INFO 0 
lm2:1731538:1731582 [1] NCCL INFO 0 
lm2:1731538:1731582 [1] NCCL INFO 0 
lm2:1731538:1731582 [1] NCCL INFO 0 
lm2:1731538:1731582 [1] NCCL INFO 0 
lm2:1731538:1731582 [1] NCCL INFO 0 
lm2:1731538:1731582 [1] NCCL INFO 0 
lm2:1731538:1731582 [1] NCCL INFO 0 
lm2:1731538:1731582 [1] NCCL INFO 0 
lm2:1731538:1731582 [1] NCCL INFO 0 
lm2:1731538:1731582 [1] NCCL INFO 0 
lm2:1731538:1731582 [1] NCCL INFO 0 
lm2:1731538:1731582 [1] NCCL INFO 0 
lm2:1731538:1731582 [1] NCCL INFO 0 
lm2:1731538:1731582 [1] NCCL INFO 0 
lm2:1731538:1731582 [1] NCCL INFO 0 
lm2:1731538:1731582 [1] NCCL INFO 0 
lm2:1731538:1731582 [1] NCCL INFO 0 
lm2:1731538:1731582 [1] NCCL INFO 0 
lm2:1731538:1731582 [1] NCCL INFO 0 
lm2:1731538:1731582 [1] NCCL INFO 0 
lm2:1731538:1731582 [1] NCCL INFO 0 
lm2:1731538:1731582 [1] NCCL INFO 0 
lm2:1731538:1731582 [1] NCCL INFO 0 
lm2:1731538:1731582 [1] NCCL INFO 0 
lm2:1731538:1731582 [1] NCCL INFO 0 
lm2:1731538:1731582 [1] NCCL INFO 0 
lm2:1731538:1731582 [1] NCCL INFO 0 
lm2:1731538:1731582 [1] NCCL INFO 0 
lm2:1731538:1731582 [1] NCCL INFO 0 
lm2:1731538:1731582 [1] NCCL INFO 0 
lm2:1731538:1731582 [1] NCCL INFO 0 
lm2:1731538:1731582 [1] NCCL INFO 0 
lm2:1731538:1731582 [1] NCCL INFO 0 
lm2:1731538:1731582 [1] NCCL INFO 0 
lm2:1731538:1731582 [1] NCCL INFO 0 
lm2:1731538:1731582 [1] NCCL INFO 0 
lm2:1731538:1731582 [1] NCCL INFO 0 
lm2:1731538:1731582 [1] NCCL INFO 0 
lm2:1731538:1731582 [1] NCCL INFO 0 
lm2:1731538:1731582 [1] NCCL INFO 0 
lm2:1731538:1731582 [1] NCCL INFO 0 
lm2:1731538:1731582 [1] NCCL INFO 0 
lm2:1731538:1731582 [1] NCCL INFO 0 
lm2:1731538:1731582 [1] NCCL INFO 0 
lm2:1731538:1731582 [1] NCCL INFO 0 
lm2:1731538:1731582 [1] NCCL INFO 0 
lm2:1731538:1731582 [1] NCCL INFO 0 
lm2:1731538:1731582 [1] NCCL INFO 0 
lm2:1731538:1731582 [1] NCCL INFO 0 
lm2:1731538:1731582 [1] NCCL INFO 0 
lm2:1731538:1731582 [1] NCCL INFO 0 
lm2:1731538:1731582 [1] NCCL INFO 0 
lm2:1731538:1731582 [1] NCCL INFO 0 
lm2:1731538:1731582 [1] NCCL INFO 0 
lm2:1731538:1731582 [1] NCCL INFO 0 
lm2:1731538:1731582 [1] NCCL INFO 0 
lm2:1731538:1731582 [1] NCCL INFO 0 
lm2:1731538:1731582 [1] NCCL INFO 0 
lm2:1731538:1731582 [1] NCCL INFO 0 
lm2:1731538:1731582 [1] NCCL INFO 0 
lm2:1731538:1731582 [1] NCCL INFO 0 
lm2:1731538:1731582 [1] NCCL INFO 0 
lm2:1731538:1731582 [1] NCCL INFO 0 
lm2:1731538:1731582 [1] NCCL INFO 0 
lm2:1731538:1731582 [1] NCCL INFO 0 
lm2:1731538:1731582 [1] NCCL INFO 0 
lm2:1731538:1731582 [1] NCCL INFO 0 
lm2:1731538:1731582 [1] NCCL INFO 

lm2:1731540:1731583 [3] NCCL INFO comm 0x5b8c6fc59170 rank 3 nRanks 4 nNodes 1 localRanks 4 localRank 3 MNNVL 0
lm2:1731539:1731577 [2] NCCL INFO comm 0x55c7e7d7e440 rank 2 nRanks 4 nNodes 1 localRanks 4 localRank 2 MNNVL 0
lm2:1731537:1731576 [0] NCCL INFO comm 0x63b2f0c85b70 rank 0 nRanks 4 nNodes 1 localRanks 4 localRank 0 MNNVL 0
lm2:1731537:1731576 [0] NCCL INFO MSCCL: No external scheduler found, using internal implementation
lm2:1731538:1731582 [1] NCCL INFO comm 0x60d068171430 rank 1 nRanks 4 nNodes 1 localRanks 4 localRank 1 MNNVL 0
lm2:1731538:1731582 [1] NCCL INFO MSCCL: No external scheduler found, using internal implementation
lm2:1731540:1731583 [3] NCCL INFO MSCCL: No external scheduler found, using internal implementation
lm2:1731539:1731577 [2] NCCL INFO MSCCL: No external scheduler found, using internal implementation
lm2:1731539:1731577 [2] NCCL INFO MSCCL: Internal Scheduler will use /home/czy/nccl/msccl/build/lib/msccl-algorithms as algorithm directory and /home/czy/nccl/msccl/build/lib/../share/nccl/msccl-algorithms as share algorithm directory and /usr/share/nccl/msccl-algorithms as package installed share algorithm directory 
lm2:1731537:1731576 [0] NCCL INFO MSCCL: Internal Scheduler will use /home/czy/nccl/msccl/build/lib/msccl-algorithms as algorithm directory and /home/czy/nccl/msccl/build/lib/../share/nccl/msccl-algorithms as share algorithm directory and /usr/share/nccl/msccl-algorithms as package installed share algorithm directory 
lm2:1731537:1731576 [0] NCCL INFO Using MSCCL Algo files from /home/czy/nccl/msccl/build/lib/msccl-algorithms
lm2:1731537:1731576 [0] NCCL INFO Channel 00/02 : 0 1 2 3
lm2:1731537:1731576 [0] NCCL INFO Channel 01/02 : 0 1 2 3
lm2:1731537:1731576 [0] NCCL INFO Trees [0] 1/-1/-1->0->-1 [1] 1/-1/-1->0->-1
lm2:1731537:1731576 [0] NCCL INFO P2P Chunksize set to 131072
lm2:1731537:1731576 [0] NCCL INFO Link 0: ID = 3, Bandwidth = 12.00

lm2:1731537:1731576 [0] NCCL INFO Link 1: ID = 3, Bandwidth = 12.00

lm2:1731537:1731576 [0] NCCL INFO Link 0: ID = 3, Bandwidth = 12.00

lm2:1731537:1731576 [0] NCCL INFO Link 1: ID = 7, Bandwidth = 10.00

lm2:1731537:1731576 [0] NCCL INFO Link 2: ID = 3, Bandwidth = 12.00

lm2:1731537:1731576 [0] NCCL INFO Link 0: ID = 3, Bandwidth = 12.00

lm2:1731537:1731576 [0] NCCL INFO Link 1: ID = 7, Bandwidth = 10.00

lm2:1731537:1731576 [0] NCCL INFO Link 2: ID = 3, Bandwidth = 12.00

lm2:1731537:1731576 [0] NCCL INFO Link 0: ID = 3, Bandwidth = 12.00

lm2:1731537:1731576 [0] NCCL INFO Link 1: ID = 3, Bandwidth = 12.00

lm2:1731537:1731576 [0] NCCL INFO Link 0: ID = 3, Bandwidth = 12.00

lm2:1731537:1731576 [0] NCCL INFO Link 1: ID = 7, Bandwidth = 10.00

lm2:1731537:1731576 [0] NCCL INFO Link 2: ID = 3, Bandwidth = 12.00

lm2:1731537:1731576 [0] NCCL INFO Link 0: ID = 3, Bandwidth = 12.00

lm2:1731537:1731576 [0] NCCL INFO Link 1: ID = 7, Bandwidth = 10.00

lm2:1731537:1731576 [0] NCCL INFO Link 2: ID = 3, Bandwidth = 12.00

lm2:1731537:1731576 [0] NCCL INFO Link 0: ID = 3, Bandwidth = 12.00

lm2:1731537:1731576 [0] NCCL INFO Link 1: ID = 7, Bandwidth = 10.00

lm2:1731537:1731576 [0] NCCL INFO Link 2: ID = 3, Bandwidth = 12.00

lm2:1731537:1731576 [0] NCCL INFO Link 0: ID = 3, Bandwidth = 12.00

lm2:1731537:1731576 [0] NCCL INFO Link 1: ID = 7, Bandwidth = 10.00

lm2:1731537:1731576 [0] NCCL INFO Link 2: ID = 3, Bandwidth = 12.00

lm2:1731537:1731576 [0] NCCL INFO Link 0: ID = 3, Bandwidth = 12.00

lm2:1731537:1731576 [0] NCCL INFO Link 1: ID = 3, Bandwidth = 12.00

lm2:1731537:1731576 [0] NCCL INFO Link 0: ID = 3, Bandwidth = 12.00

lm2:1731537:1731576 [0] NCCL INFO Link 1: ID = 7, Bandwidth = 10.00

lm2:1731537:1731576 [0] NCCL INFO Link 2: ID = 3, Bandwidth = 12.00

lm2:1731537:1731576 [0] NCCL INFO Link 0: ID = 3, Bandwidth = 12.00

lm2:1731537:1731576 [0] NCCL INFO Link 1: ID = 7, Bandwidth = 10.00

lm2:1731537:1731576 [0] NCCL INFO Link 2: ID = 3, Bandwidth = 12.00

lm2:1731537:1731576 [0] NCCL INFO Link 0: ID = 3, Bandwidth = 12.00

lm2:1731537:1731576 [0] NCCL INFO Link 1: ID = 3, Bandwidth = 12.00

1 2 3 0 
1 2 3 0 
1 2 3 0 
1 2 3 0 
1 2 3 0 
1 2 3 0 
1 2 3 0 
1 2 3 0 
1 2 3 0 
1 2 3 0 
1 2 3 0 
1 2 3 0 
1 2 3 0 
1 2 3 0 
1 2 3 0 
1 2 3 0 
lm2:1731538:1731582 [1] NCCL INFO MSCCL: Internal Scheduler will use /home/czy/nccl/msccl/build/lib/msccl-algorithms as algorithm directory and /home/czy/nccl/msccl/build/lib/../share/nccl/msccl-algorithms as share algorithm directory and /usr/share/nccl/msccl-algorithms as package installed share algorithm directory 
lm2:1731538:1731582 [1] NCCL INFO Using MSCCL Algo files from /home/czy/nccl/msccl/build/lib/msccl-algorithms
lm2:1731538:1731582 [1] NCCL INFO Trees [0] 2/-1/-1->1->0 [1] 2/-1/-1->1->0
lm2:1731538:1731582 [1] NCCL INFO P2P Chunksize set to 131072
lm2:1731538:1731582 [1] NCCL INFO Link 0: ID = 3, Bandwidth = 12.00

lm2:1731538:1731582 [1] NCCL INFO Link 1: ID = 3, Bandwidth = 12.00

lm2:1731538:1731582 [1] NCCL INFO Link 0: ID = 3, Bandwidth = 12.00

lm2:1731538:1731582 [1] NCCL INFO Link 1: ID = 7, Bandwidth = 10.00

lm2:1731538:1731582 [1] NCCL INFO Link 2: ID = 3, Bandwidth = 12.00

lm2:1731538:1731582 [1] NCCL INFO Link 0: ID = 3, Bandwidth = 12.00

lm2:1731538:1731582 [1] NCCL INFO Link 1: ID = 7, Bandwidth = 10.00

lm2:1731538:1731582 [1] NCCL INFO Link 2: ID = 3, Bandwidth = 12.00

lm2:1731538:1731582 [1] NCCL INFO Link 0: ID = 3, Bandwidth = 12.00

lm2:1731538:1731582 [1] NCCL INFO Link 1: ID = 3, Bandwidth = 12.00

lm2:1731538:1731582 [1] NCCL INFO Link 0: ID = 3, Bandwidth = 12.00

lm2:1731538:1731582 [1] NCCL INFO Link 1: ID = 7, Bandwidth = 10.00

lm2:1731538:1731582 [1] NCCL INFO Link 2: ID = 3, Bandwidth = 12.00

lm2:1731538:1731582 [1] NCCL INFO Link 0: ID = 3, Bandwidth = 12.00

lm2:1731538:1731582 [1] NCCL INFO Link 1: ID = 7, Bandwidth = 10.00

lm2:1731538:1731582 [1] NCCL INFO Link 2: ID = 3, Bandwidth = 12.00

lm2:1731538:1731582 [1] NCCL INFO Link 0: ID = 3, Bandwidth = 12.00

lm2:1731538:1731582 [1] NCCL INFO Link 1: ID = 7, Bandwidth = 10.00

lm2:1731538:1731582 [1] NCCL INFO Link 2: ID = 3, Bandwidth = 12.00

lm2:1731538:1731582 [1] NCCL INFO Link 0: ID = 3, Bandwidth = 12.00

lm2:1731538:1731582 [1] NCCL INFO Link 1: ID = 7, Bandwidth = 10.00

lm2:1731538:1731582 [1] NCCL INFO Link 2: ID = 3, Bandwidth = 12.00

lm2:1731538:1731582 [1] NCCL INFO Link 0: ID = 3, Bandwidth = 12.00

lm2:1731538:1731582 [1] NCCL INFO Link 1: ID = 3, Bandwidth = 12.00

lm2:1731538:1731582 [1] NCCL INFO Link 0: ID = 3, Bandwidth = 12.00

lm2:1731538:1731582 [1] NCCL INFO Link 1: ID = 7, Bandwidth = 10.00

lm2:1731538:1731582 [1] NCCL INFO Link 2: ID = 3, Bandwidth = 12.00

lm2:1731538:1731582 [1] NCCL INFO Link 0: ID = 3, Bandwidth = 12.00

lm2:1731538:1731582 [1] NCCL INFO Link 1: ID = 7, Bandwidth = 10.00

lm2:1731538:1731582 [1] NCCL INFO Link 2: ID = 3, Bandwidth = 12.00

lm2:1731538:1731582 [1] NCCL INFO Link 0: ID = 3, Bandwidth = 12.00

lm2:1731538:1731582 [1] NCCL INFO Link 1: ID = 3, Bandwidth = 12.00

lm2:1731540:1731583 [3] NCCL INFO MSCCL: Internal Scheduler will use /home/czy/nccl/msccl/build/lib/msccl-algorithms as algorithm directory and /home/czy/nccl/msccl/build/lib/../share/nccl/msccl-algorithms as share algorithm directory and /usr/share/nccl/msccl-algorithms as package installed share algorithm directory 
lm2:1731540:1731583 [3] NCCL INFO Using MSCCL Algo files from /home/czy/nccl/msccl/build/lib/msccl-algorithms
lm2:1731540:1731583 [3] NCCL INFO Trees [0] -1/-1/-1->3->2 [1] -1/-1/-1->3->2
lm2:1731540:1731583 [3] NCCL INFO P2P Chunksize set to 131072
lm2:1731540:1731583 [3] NCCL INFO Link 0: ID = 3, Bandwidth = 12.00

lm2:1731540:1731583 [3] NCCL INFO Link 1: ID = 3, Bandwidth = 12.00

lm2:1731540:1731583 [3] NCCL INFO Link 0: ID = 3, Bandwidth = 12.00

lm2:1731540:1731583 [3] NCCL INFO Link 1: ID = 7, Bandwidth = 10.00

lm2:1731540:1731583 [3] NCCL INFO Link 2: ID = 3, Bandwidth = 12.00

lm2:1731540:1731583 [3] NCCL INFO Link 0: ID = 3, Bandwidth = 12.00

lm2:1731540:1731583 [3] NCCL INFO Link 1: ID = 7, Bandwidth = 10.00

lm2:1731540:1731583 [3] NCCL INFO Link 2: ID = 3, Bandwidth = 12.00

lm2:1731540:1731583 [3] NCCL INFO Link 0: ID = 3, Bandwidth = 12.00

lm2:1731540:1731583 [3] NCCL INFO Link 1: ID = 3, Bandwidth = 12.00

lm2:1731540:1731583 [3] NCCL INFO Link 0: ID = 3, Bandwidth = 12.00

lm2:1731540:1731583 [3] NCCL INFO Link 1: ID = 7, Bandwidth = 10.00

lm2:1731540:1731583 [3] NCCL INFO Link 2: ID = 3, Bandwidth = 12.00

lm2:1731540:1731583 [3] NCCL INFO Link 0: ID = 3, Bandwidth = 12.00

lm2:1731540:1731583 [3] NCCL INFO Link 1: ID = 7, Bandwidth = 10.00

lm2:1731540:1731583 [3] NCCL INFO Link 2: ID = 3, Bandwidth = 12.00

lm2:1731540:1731583 [3] NCCL INFO Link 0: ID = 3, Bandwidth = 12.00

lm2:1731540:1731583 [3] NCCL INFO Link 1: ID = 7, Bandwidth = 10.00

lm2:1731540:1731583 [3] NCCL INFO Link 2: ID = 3, Bandwidth = 12.00

lm2:1731540:1731583 [3] NCCL INFO Link 0: ID = 3, Bandwidth = 12.00

lm2:1731540:1731583 [3] NCCL INFO Link 1: ID = 7, Bandwidth = 10.00

lm2:1731540:1731583 [3] NCCL INFO Link 2: ID = 3, Bandwidth = 12.00

lm2:1731540:1731583 [3] NCCL INFO Link 0: ID = 3, Bandwidth = 12.00

lm2:1731540:1731583 [3] NCCL INFO Link 1: ID = 3, Bandwidth = 12.00

lm2:1731540:1731583 [3] NCCL INFO Link 0: ID = 3, Bandwidth = 12.00

lm2:1731540:1731583 [3] NCCL INFO Link 1: ID = 7, Bandwidth = 10.00

lm2:1731540:1731583 [3] NCCL INFO Link 2: ID = 3, Bandwidth = 12.00

lm2:1731540:1731583 [3] NCCL INFO Link 0: ID = 3, Bandwidth = 12.00

lm2:1731540:1731583 [3] NCCL INFO Link 1: ID = 7, Bandwidth = 10.00

lm2:1731540:1731583 [3] NCCL INFO Link 2: ID = 3, Bandwidth = 12.00

lm2:1731540:1731583 [3] NCCL INFO Link 0: ID = 3, Bandwidth = 12.00

lm2:1731540:1731583 [3] NCCL INFO Link 1: ID = 3, Bandwidth = 12.00

lm2:1731539:1731577 [2] NCCL INFO Using MSCCL Algo files from /home/czy/nccl/msccl/build/lib/msccl-algorithms
lm2:1731539:1731577 [2] NCCL INFO Trees [0] 3/-1/-1->2->1 [1] 3/-1/-1->2->1
lm2:1731539:1731577 [2] NCCL INFO P2P Chunksize set to 131072
lm2:1731539:1731577 [2] NCCL INFO Link 0: ID = 3, Bandwidth = 12.00

lm2:1731539:1731577 [2] NCCL INFO Link 1: ID = 3, Bandwidth = 12.00

lm2:1731539:1731577 [2] NCCL INFO Link 0: ID = 3, Bandwidth = 12.00

lm2:1731539:1731577 [2] NCCL INFO Link 1: ID = 7, Bandwidth = 10.00

lm2:1731539:1731577 [2] NCCL INFO Link 2: ID = 3, Bandwidth = 12.00

lm2:1731539:1731577 [2] NCCL INFO Link 0: ID = 3, Bandwidth = 12.00

lm2:1731539:1731577 [2] NCCL INFO Link 1: ID = 7, Bandwidth = 10.00

lm2:1731539:1731577 [2] NCCL INFO Link 2: ID = 3, Bandwidth = 12.00

lm2:1731539:1731577 [2] NCCL INFO Link 0: ID = 3, Bandwidth = 12.00

lm2:1731539:1731577 [2] NCCL INFO Link 1: ID = 3, Bandwidth = 12.00

lm2:1731539:1731577 [2] NCCL INFO Link 0: ID = 3, Bandwidth = 12.00

lm2:1731539:1731577 [2] NCCL INFO Link 1: ID = 7, Bandwidth = 10.00

lm2:1731539:1731577 [2] NCCL INFO Link 2: ID = 3, Bandwidth = 12.00

lm2:1731539:1731577 [2] NCCL INFO Link 0: ID = 3, Bandwidth = 12.00

lm2:1731539:1731577 [2] NCCL INFO Link 1: ID = 7, Bandwidth = 10.00

lm2:1731539:1731577 [2] NCCL INFO Link 2: ID = 3, Bandwidth = 12.00

lm2:1731539:1731577 [2] NCCL INFO Link 0: ID = 3, Bandwidth = 12.00

lm2:1731539:1731577 [2] NCCL INFO Link 1: ID = 7, Bandwidth = 10.00

lm2:1731539:1731577 [2] NCCL INFO Link 2: ID = 3, Bandwidth = 12.00

lm2:1731539:1731577 [2] NCCL INFO Link 0: ID = 3, Bandwidth = 12.00

lm2:1731539:1731577 [2] NCCL INFO Link 1: ID = 7, Bandwidth = 10.00

lm2:1731539:1731577 [2] NCCL INFO Link 2: ID = 3, Bandwidth = 12.00

lm2:1731539:1731577 [2] NCCL INFO Link 0: ID = 3, Bandwidth = 12.00

lm2:1731539:1731577 [2] NCCL INFO Link 1: ID = 3, Bandwidth = 12.00

lm2:1731539:1731577 [2] NCCL INFO Link 0: ID = 3, Bandwidth = 12.00

lm2:1731539:1731577 [2] NCCL INFO Link 1: ID = 7, Bandwidth = 10.00

lm2:1731539:1731577 [2] NCCL INFO Link 2: ID = 3, Bandwidth = 12.00

lm2:1731539:1731577 [2] NCCL INFO Link 0: ID = 3, Bandwidth = 12.00

lm2:1731539:1731577 [2] NCCL INFO Link 1: ID = 7, Bandwidth = 10.00

lm2:1731539:1731577 [2] NCCL INFO Link 2: ID = 3, Bandwidth = 12.00

lm2:1731539:1731577 [2] NCCL INFO Link 0: ID = 3, Bandwidth = 12.00

lm2:1731539:1731577 [2] NCCL INFO Link 1: ID = 3, Bandwidth = 12.00

lm2:1731537:1731588 [0] NCCL INFO [Proxy Service] Device 0 CPU core 18
lm2:1731539:1731589 [2] NCCL INFO [Proxy Service] Device 2 CPU core 20
lm2:1731537:1731592 [0] NCCL INFO [Proxy Service UDS] Device 0 CPU core 24
lm2:1731540:1731591 [3] NCCL INFO [Proxy Service] Device 3 CPU core 17
lm2:1731539:1731593 [2] NCCL INFO [Proxy Service UDS] Device 2 CPU core 56
lm2:1731538:1731590 [1] NCCL INFO [Proxy Service] Device 1 CPU core 7
lm2:1731540:1731594 [3] NCCL INFO [Proxy Service UDS] Device 3 CPU core 61
lm2:1731538:1731595 [1] NCCL INFO [Proxy Service UDS] Device 1 CPU core 63
lm2:1731540:1731583 [3] NCCL INFO NCCL_PROTO set by environment to Simple
lm2:1731540:1731583 [3] NCCL INFO NCCL_ALGO set by environment to MSCCL
lm2:1731540:1731583 [3] NCCL INFO threadThresholds 8/8/64 | 32/8/64 | 512 | 512
lm2:1731540:1731583 [3] NCCL INFO 2 coll channels, 2 collnet channels, 0 nvls channels, 2 p2p channels, 2 p2p channels per peer
lm2:1731539:1731577 [2] NCCL INFO NCCL_PROTO set by environment to Simple
lm2:1731539:1731577 [2] NCCL INFO NCCL_ALGO set by environment to MSCCL
lm2:1731539:1731577 [2] NCCL INFO threadThresholds 8/8/64 | 32/8/64 | 512 | 512
lm2:1731539:1731577 [2] NCCL INFO 2 coll channels, 2 collnet channels, 0 nvls channels, 2 p2p channels, 2 p2p channels per peer
lm2:1731537:1731576 [0] NCCL INFO NCCL_PROTO set by environment to Simple
lm2:1731537:1731576 [0] NCCL INFO NCCL_ALGO set by environment to MSCCL
lm2:1731537:1731576 [0] NCCL INFO threadThresholds 8/8/64 | 32/8/64 | 512 | 512
lm2:1731537:1731576 [0] NCCL INFO 2 coll channels, 2 collnet channels, 0 nvls channels, 2 p2p channels, 2 p2p channels per peer
lm2:1731538:1731582 [1] NCCL INFO NCCL_PROTO set by environment to Simple
lm2:1731538:1731582 [1] NCCL INFO NCCL_ALGO set by environment to MSCCL
lm2:1731538:1731582 [1] NCCL INFO threadThresholds 8/8/64 | 32/8/64 | 512 | 512
lm2:1731538:1731582 [1] NCCL INFO 2 coll channels, 2 collnet channels, 0 nvls channels, 2 p2p channels, 2 p2p channels per peer
lm2:1731537:1731576 [0] NCCL INFO CC Off, Multi-GPU CC Off, workFifoBytes 1048576
lm2:1731539:1731577 [2] NCCL INFO MSCCL: Initialization finished
lm2:1731537:1731576 [0] NCCL INFO MSCCL: Initialization finished
lm2:1731538:1731582 [1] NCCL INFO MSCCL: Initialization finished
lm2:1731540:1731583 [3] NCCL INFO MSCCL: Initialization finished
lm2:1731537:1731576 [0] NCCL INFO TUNER/Plugin: Could not find: libnccl-tuner.so libnccl-net.so. Using internal tuner plugin.
lm2:1731537:1731576 [0] NCCL INFO ncclCommInitRank comm 0x63b2f0c85b70 rank 0 nranks 4 cudaDev 0 nvmlDev 0 busId 3b000 commId 0xc6d9f7cad9a3c20d - Init COMPLETE
lm2:1731537:1731576 [0] NCCL INFO Init timings - ncclCommInitRank: rank 0 nranks 4 total 0.45 (kernels 0.01, alloc 0.05, bootstrap 0.11, allgathers 0.00, topo 0.08, graphs 0.00, connections 0.15, rest 0.04)
lm2:1731538:1731582 [1] NCCL INFO TUNER/Plugin: Could not find: libnccl-tuner.so libnccl-net.so. Using internal tuner plugin.
lm2:1731538:1731582 [1] NCCL INFO ncclCommInitRank comm 0x60d068171430 rank 1 nranks 4 cudaDev 1 nvmlDev 1 busId 5e000 commId 0xc6d9f7cad9a3c20d - Init COMPLETE
lm2:1731538:1731582 [1] NCCL INFO Init timings - ncclCommInitRank: rank 1 nranks 4 total 0.35 (kernels 0.02, alloc 0.05, bootstrap 0.00, allgathers 0.00, topo 0.08, graphs 0.00, connections 0.15, rest 0.05)
lm2:1731539:1731577 [2] NCCL INFO TUNER/Plugin: Could not find: libnccl-tuner.so libnccl-net.so. Using internal tuner plugin.
lm2:1731539:1731577 [2] NCCL INFO ncclCommInitRank comm 0x55c7e7d7e440 rank 2 nranks 4 cudaDev 2 nvmlDev 2 busId b1000 commId 0xc6d9f7cad9a3c20d - Init COMPLETE
lm2:1731539:1731577 [2] NCCL INFO Init timings - ncclCommInitRank: rank 2 nranks 4 total 0.43 (kernels 0.01, alloc 0.05, bootstrap 0.09, allgathers 0.00, topo 0.08, graphs 0.00, connections 0.15, rest 0.05)
lm2:1731540:1731583 [3] NCCL INFO TUNER/Plugin: Could not find: libnccl-tuner.so libnccl-net.so. Using internal tuner plugin.
lm2:1731540:1731583 [3] NCCL INFO ncclCommInitRank comm 0x5b8c6fc59170 rank 3 nranks 4 cudaDev 3 nvmlDev 3 busId d9000 commId 0xc6d9f7cad9a3c20d - Init COMPLETE
lm2:1731540:1731583 [3] NCCL INFO Init timings - ncclCommInitRank: rank 3 nranks 4 total 0.35 (kernels 0.01, alloc 0.05, bootstrap 0.00, allgathers 0.00, topo 0.08, graphs 0.00, connections 0.15, rest 0.05)
#
#                                                              out-of-place                       in-place          
#       size         count      type   redop    root     time   algbw   busbw #wrong     time   algbw   busbw #wrong
#        (B)    (elements)                               (us)  (GB/s)  (GB/s)            (us)  (GB/s)  (GB/s)       
======recvPeer:1,sendPeer:3=========
=============speed:10.000000,netSpeed1:0.000000,netSpeed2:0.000000================
======recvPeer:2,sendPeer:0=========
=============speed:12.000000,netSpeed1:0.000000,netSpeed2:0.000000================

lm2:1731539:1731603 [2] transport.cc:41 NCCL WARN No transport found for rank 2[b1000] -> rank 1[5e000]
lm2:1731539:1731603 [2] NCCL INFO transport.cc:148 -> 2
lm2:1731539:1731603 [2] NCCL INFO transport/generic.cc:11 -> 2
lm2:1731539:1731603 [2] NCCL INFO group.cc:151 -> 2
lm2:1731539:1731603 [2] NCCL INFO group.cc:78 -> 2 [Async thread]
lm2:1731539:1731539 [2] NCCL INFO group.cc:461 -> 2

lm2:1731540:1731605 [3] transport.cc:41 NCCL WARN No transport found for rank 3[d9000] -> rank 2[b1000]
lm2:1731540:1731605 [3] NCCL INFO transport.cc:148 -> 2
lm2:1731540:1731605 [3] NCCL INFO transport/generic.cc:11 -> 2
lm2:1731540:1731605 [3] NCCL INFO group.cc:151 -> 2
lm2:1731540:1731605 [3] NCCL INFO group.cc:78 -> 2 [Async thread]
lm2:1731540:1731540 [3] NCCL INFO group.cc:461 -> 2

lm2:1731537:1731604 [0] transport.cc:41 NCCL WARN No transport found for rank 0[3b000] -> rank 3[d9000]
lm2:1731537:1731604 [0] NCCL INFO transport.cc:148 -> 2
lm2:1731537:1731604 [0] NCCL INFO transport/generic.cc:11 -> 2
lm2:1731537:1731604 [0] NCCL INFO group.cc:151 -> 2
lm2:1731537:1731604 [0] NCCL INFO group.cc:78 -> 2 [Async thread]
======recvPeer:3,sendPeer:1=========
=============speed:10.000000,netSpeed1:0.000000,netSpeed2:0.000000================
lm2: Test NCCL failure all_gather.cu:47 'unhandled system error (run with NCCL_DEBUG=INFO for details) / '
 .. lm2 pid 1731539: Test failure common.cu:383
 .. lm2 pid 1731539: Test failure common.cu:592
 .. lm2 pid 1731539: Test failure all_gather.cu:81
 .. lm2 pid 1731539: Test failure common.cu:625
 .. lm2 pid 1731539: Test failure common.cu:1123
 .. lm2 pid 1731539: Test failure common.cu:893
======recvPeer:0,sendPeer:2=========
lm2:1731539:1731539 [2] NCCL INFO group.cc:573 -> 2
lm2:1731539:1731539 [2] NCCL INFO enqueue.cc:2362 -> 2
lm2:1731539:1731539 [2] NCCL INFO collectives.cc:101 -> 2
lm2:1731539:1731539 [2] NCCL INFO misc/msccl/msccl_lifecycle.cc:435 -> 2
lm2:1731539:1731539 [2] NCCL INFO misc/msccl/msccl_lifecycle.cc:481 -> 2
lm2:1731540:1731540 [3] NCCL INFO group.cc:573 -> 2
lm2:1731540:1731540 [3] NCCL INFO enqueue.cc:2362 -> 2
lm2:1731540:1731540 [3] NCCL INFO collectives.cc:101 -> 2
lm2:1731540:1731540 [3] NCCL INFO misc/msccl/msccl_lifecycle.cc:435 -> 2
lm2:1731540:1731540 [3] NCCL INFO misc/msccl/msccl_lifecycle.cc:481 -> 2
lm2:1731537:1731537 [0] NCCL INFO group.cc:461 -> 2
lm2:1731537:1731537 [0] NCCL INFO group.cc:573 -> 2
lm2:1731537:1731537 [0] NCCL INFO enqueue.cc:2362 -> 2
lm2:1731537:1731537 [0] NCCL INFO collectives.cc:101 -> 2
lm2:1731537:1731537 [0] NCCL INFO misc/msccl/msccl_lifecycle.cc:435 -> 2
lm2:1731537:1731537 [0] NCCL INFO misc/msccl/msccl_lifecycle.cc:481 -> 2

lm2:1731538:1731606 [1] transport.cc:41 NCCL WARN No transport found for rank 1[5e000] -> rank 0[3b000]
lm2:1731538:1731606 [1] NCCL INFO transport.cc:148 -> 2
lm2:1731538:1731606 [1] NCCL INFO transport/generic.cc:11 -> 2
lm2:1731538:1731606 [1] NCCL INFO group.cc:151 -> 2
lm2:1731538:1731606 [1] NCCL INFO group.cc:78 -> 2 [Async thread]
=============speed:12.000000,netSpeed1:0.000000,netSpeed2:0.000000================
lm2: Test NCCL failure all_gather.cu:47 'unhandled system error (run with NCCL_DEBUG=INFO for details) / '
 .. lm2 pid 1731540: Test failure common.cu:383
 .. lm2 pid 1731540: Test failure common.cu:592
 .. lm2 pid 1731540: Test failure all_gather.cu:81
lm2: Test NCCL failure all_gather.cu:47 'unhandled system error (run with NCCL_DEBUG=INFO for details) / '
 .. lm2 pid 1731537: Test failure common.cu:383
 .. lm2 pid 1731537: Test failure common.cu:592
 .. lm2 pid 1731540: Test failure common.cu:625
 .. lm2 pid 1731540: Test failure common.cu:1123
 .. lm2 pid 1731540: Test failure common.cu:893
 .. lm2 pid 1731537: Test failure all_gather.cu:81
 .. lm2 pid 1731537: Test failure common.cu:625
 .. lm2 pid 1731537: Test failure common.cu:1123
 .. lm2 pid 1731537: Test failure common.cu:893
lm2:1731538:1731538 [1] NCCL INFO group.cc:461 -> 2
lm2:1731538:1731538 [1] NCCL INFO group.cc:573 -> 2
lm2:1731538:1731538 [1] NCCL INFO enqueue.cc:2362 -> 2
lm2:1731538:1731538 [1] NCCL INFO collectives.cc:101 -> 2
lm2:1731538:1731538 [1] NCCL INFO misc/msccl/msccl_lifecycle.cc:435 -> 2
lm2:1731538:1731538 [1] NCCL INFO misc/msccl/msccl_lifecycle.cc:481 -> 2
lm2: Test NCCL failure all_gather.cu:47 'unhandled system error (run with NCCL_DEBUG=INFO for details) / '
 .. lm2 pid 1731538: Test failure common.cu:383
 .. lm2 pid 1731538: Test failure common.cu:592
 .. lm2 pid 1731538: Test failure all_gather.cu:81
 .. lm2 pid 1731538: Test failure common.cu:625
 .. lm2 pid 1731538: Test failure common.cu:1123
 .. lm2 pid 1731538: Test failure common.cu:893
--------------------------------------------------------------------------
Primary job  terminated normally, but 1 process returned
a non-zero exit code. Per user-direction, the job has been aborted.
--------------------------------------------------------------------------
--------------------------------------------------------------------------
mpirun detected that one or more processes exited with non-zero status, thus causing
the job to be terminated. The first process to do so was:

  Process name: [[31550,1],2]
  Exit code:    3
--------------------------------------------------------------------------
===== Done 0 =====
+ echo '=== Arnold MPI/Horovod entry script ==='
=== Arnold MPI/Horovod entry script ===
+ echo '=== contact:  zhuyibo@bytedance.com ==='
=== contact:  zhuyibo@bytedance.com ===
+ role=
+ [[ '' != \w\o\r\k\e\r ]]
+ /usr/bin/pkill -9 run.sh
+ exit 1
